
Memory Configuration

Name             Origin             Length             Attributes
flash            0x08000000         0x00020000         xr
sram             0x20000000         0x00005000         xrw
*default*        0x00000000         0xffffffff

Linker script and memory map


.text           0x08000000      0x18c
 *(.vectors*)
 .vectors       0x08000000       0x1c startup.o
                0x08000000                vectors
 *(.text*)
 .text          0x0800001c       0xb4 main.o
                0x0800001c                main
 .text          0x080000d0       0xbc startup.o
                0x080000d0                MM_Handler
                0x080000d0                Bus_fault
                0x080000d0                Usage_fault_Handler
                0x080000d0                H_fault_Handler
                0x080000d0                Default_Handler
                0x080000d0                NMI_Handler
                0x080000dc                Reset_Handler
 *(.rodata)
                0x0800018c                _E_text = .

.glue_7         0x0800018c        0x0
 .glue_7        0x00000000        0x0 linker stubs

.glue_7t        0x0800018c        0x0
 .glue_7t       0x00000000        0x0 linker stubs

.vfp11_veneer   0x0800018c        0x0
 .vfp11_veneer  0x00000000        0x0 linker stubs

.v4_bx          0x0800018c        0x0
 .v4_bx         0x00000000        0x0 linker stubs

.iplt           0x0800018c        0x0
 .iplt          0x00000000        0x0 main.o

.rel.dyn        0x0800018c        0x0
 .rel.iplt      0x00000000        0x0 main.o

.data           0x20000000        0x0 load address 0x0800018c
                0x20000000                _S_data = .
 *(.data)
 .data          0x20000000        0x0 main.o
 .data          0x20000000        0x0 startup.o
                0x20000000                . = ALIGN (0x4)
                0x20000000                _E_data = .

.igot.plt       0x20000000        0x0 load address 0x0800018c
 .igot.plt      0x00000000        0x0 main.o

.bss            0x20000000     0x1000 load address 0x0800018c
                0x20000000                _S_bss = .
 *(.bss*)
 .bss           0x20000000        0x0 main.o
 .bss           0x20000000        0x0 startup.o
                0x20000000                _E_bss = .
                0x20000000                . = ALIGN (0x4)
                0x20001000                . = (. + 0x1000)
 *fill*         0x20000000     0x1000 
                0x20001000                _stack_top = .
LOAD main.o
LOAD startup.o
OUTPUT(learn_in_depth_cortex_m3.elf elf32-littlearm)

.debug_info     0x00000000      0x210
 .debug_info    0x00000000       0xa8 main.o
 .debug_info    0x000000a8      0x168 startup.o

.debug_abbrev   0x00000000      0x12b
 .debug_abbrev  0x00000000       0x69 main.o
 .debug_abbrev  0x00000069       0xc2 startup.o

.debug_loc      0x00000000       0x9c
 .debug_loc     0x00000000       0x38 main.o
 .debug_loc     0x00000038       0x64 startup.o

.debug_aranges  0x00000000       0x40
 .debug_aranges
                0x00000000       0x20 main.o
 .debug_aranges
                0x00000020       0x20 startup.o

.debug_line     0x00000000      0x14d
 .debug_line    0x00000000       0x9e main.o
 .debug_line    0x0000009e       0xaf startup.o

.debug_str      0x00000000      0x13e
 .debug_str     0x00000000       0xb5 main.o
                                 0xe9 (size before relaxing)
 .debug_str     0x000000b5       0x89 startup.o
                                0x166 (size before relaxing)

.comment        0x00000000       0x11
 .comment       0x00000000       0x11 main.o
                                 0x12 (size before relaxing)
 .comment       0x00000000       0x12 startup.o

.ARM.attributes
                0x00000000       0x33
 .ARM.attributes
                0x00000000       0x33 main.o
 .ARM.attributes
                0x00000033       0x33 startup.o

.debug_frame    0x00000000       0x78
 .debug_frame   0x00000000       0x2c main.o
 .debug_frame   0x0000002c       0x4c startup.o
