Archive member included to satisfy reference by file (symbol)

c:/st/stm32cubeide_1.4.0/stm32cubeide/plugins/com.st.stm32cube.ide.mcu.externaltools.gnu-tools-for-stm32.7-2018-q2-update.win32_1.4.0.202007081208/tools/bin/../lib/gcc/arm-none-eabi/7.3.1/../../../../arm-none-eabi/lib/thumb/v7-m\libc_nano.a(lib_a-errno.o)
                              Src/syscalls.o (__errno)
c:/st/stm32cubeide_1.4.0/stm32cubeide/plugins/com.st.stm32cube.ide.mcu.externaltools.gnu-tools-for-stm32.7-2018-q2-update.win32_1.4.0.202007081208/tools/bin/../lib/gcc/arm-none-eabi/7.3.1/../../../../arm-none-eabi/lib/thumb/v7-m\libc_nano.a(lib_a-exit.o)
                              c:/st/stm32cubeide_1.4.0/stm32cubeide/plugins/com.st.stm32cube.ide.mcu.externaltools.gnu-tools-for-stm32.7-2018-q2-update.win32_1.4.0.202007081208/tools/bin/../lib/gcc/arm-none-eabi/7.3.1/../../../../arm-none-eabi/lib/thumb/v7-m/crt0.o (exit)
c:/st/stm32cubeide_1.4.0/stm32cubeide/plugins/com.st.stm32cube.ide.mcu.externaltools.gnu-tools-for-stm32.7-2018-q2-update.win32_1.4.0.202007081208/tools/bin/../lib/gcc/arm-none-eabi/7.3.1/../../../../arm-none-eabi/lib/thumb/v7-m\libc_nano.a(lib_a-impure.o)
                              c:/st/stm32cubeide_1.4.0/stm32cubeide/plugins/com.st.stm32cube.ide.mcu.externaltools.gnu-tools-for-stm32.7-2018-q2-update.win32_1.4.0.202007081208/tools/bin/../lib/gcc/arm-none-eabi/7.3.1/../../../../arm-none-eabi/lib/thumb/v7-m\libc_nano.a(lib_a-exit.o) (_global_impure_ptr)
c:/st/stm32cubeide_1.4.0/stm32cubeide/plugins/com.st.stm32cube.ide.mcu.externaltools.gnu-tools-for-stm32.7-2018-q2-update.win32_1.4.0.202007081208/tools/bin/../lib/gcc/arm-none-eabi/7.3.1/../../../../arm-none-eabi/lib/thumb/v7-m\libc_nano.a(lib_a-init.o)
                              c:/st/stm32cubeide_1.4.0/stm32cubeide/plugins/com.st.stm32cube.ide.mcu.externaltools.gnu-tools-for-stm32.7-2018-q2-update.win32_1.4.0.202007081208/tools/bin/../lib/gcc/arm-none-eabi/7.3.1/../../../../arm-none-eabi/lib/thumb/v7-m/crt0.o (__libc_init_array)
c:/st/stm32cubeide_1.4.0/stm32cubeide/plugins/com.st.stm32cube.ide.mcu.externaltools.gnu-tools-for-stm32.7-2018-q2-update.win32_1.4.0.202007081208/tools/bin/../lib/gcc/arm-none-eabi/7.3.1/../../../../arm-none-eabi/lib/thumb/v7-m\libc_nano.a(lib_a-memset.o)
                              c:/st/stm32cubeide_1.4.0/stm32cubeide/plugins/com.st.stm32cube.ide.mcu.externaltools.gnu-tools-for-stm32.7-2018-q2-update.win32_1.4.0.202007081208/tools/bin/../lib/gcc/arm-none-eabi/7.3.1/../../../../arm-none-eabi/lib/thumb/v7-m/crt0.o (memset)

Allocating common symbols
Common symbol       size              file

pinCfg              0x4               Src/main.o

Discarded input sections

 .text          0x0000000000000000        0x0 c:/st/stm32cubeide_1.4.0/stm32cubeide/plugins/com.st.stm32cube.ide.mcu.externaltools.gnu-tools-for-stm32.7-2018-q2-update.win32_1.4.0.202007081208/tools/bin/../lib/gcc/arm-none-eabi/7.3.1/thumb/v7-m/crti.o
 .data          0x0000000000000000        0x0 c:/st/stm32cubeide_1.4.0/stm32cubeide/plugins/com.st.stm32cube.ide.mcu.externaltools.gnu-tools-for-stm32.7-2018-q2-update.win32_1.4.0.202007081208/tools/bin/../lib/gcc/arm-none-eabi/7.3.1/thumb/v7-m/crti.o
 .bss           0x0000000000000000        0x0 c:/st/stm32cubeide_1.4.0/stm32cubeide/plugins/com.st.stm32cube.ide.mcu.externaltools.gnu-tools-for-stm32.7-2018-q2-update.win32_1.4.0.202007081208/tools/bin/../lib/gcc/arm-none-eabi/7.3.1/thumb/v7-m/crti.o
 .data          0x0000000000000000        0x4 c:/st/stm32cubeide_1.4.0/stm32cubeide/plugins/com.st.stm32cube.ide.mcu.externaltools.gnu-tools-for-stm32.7-2018-q2-update.win32_1.4.0.202007081208/tools/bin/../lib/gcc/arm-none-eabi/7.3.1/thumb/v7-m/crtbegin.o
 .text          0x0000000000000000       0x74 c:/st/stm32cubeide_1.4.0/stm32cubeide/plugins/com.st.stm32cube.ide.mcu.externaltools.gnu-tools-for-stm32.7-2018-q2-update.win32_1.4.0.202007081208/tools/bin/../lib/gcc/arm-none-eabi/7.3.1/../../../../arm-none-eabi/lib/thumb/v7-m/crt0.o
 .data          0x0000000000000000        0x0 c:/st/stm32cubeide_1.4.0/stm32cubeide/plugins/com.st.stm32cube.ide.mcu.externaltools.gnu-tools-for-stm32.7-2018-q2-update.win32_1.4.0.202007081208/tools/bin/../lib/gcc/arm-none-eabi/7.3.1/../../../../arm-none-eabi/lib/thumb/v7-m/crt0.o
 .bss           0x0000000000000000        0x0 c:/st/stm32cubeide_1.4.0/stm32cubeide/plugins/com.st.stm32cube.ide.mcu.externaltools.gnu-tools-for-stm32.7-2018-q2-update.win32_1.4.0.202007081208/tools/bin/../lib/gcc/arm-none-eabi/7.3.1/../../../../arm-none-eabi/lib/thumb/v7-m/crt0.o
 .ARM.extab     0x0000000000000000        0x0 c:/st/stm32cubeide_1.4.0/stm32cubeide/plugins/com.st.stm32cube.ide.mcu.externaltools.gnu-tools-for-stm32.7-2018-q2-update.win32_1.4.0.202007081208/tools/bin/../lib/gcc/arm-none-eabi/7.3.1/../../../../arm-none-eabi/lib/thumb/v7-m/crt0.o
 .ARM.exidx     0x0000000000000000        0x8 c:/st/stm32cubeide_1.4.0/stm32cubeide/plugins/com.st.stm32cube.ide.mcu.externaltools.gnu-tools-for-stm32.7-2018-q2-update.win32_1.4.0.202007081208/tools/bin/../lib/gcc/arm-none-eabi/7.3.1/../../../../arm-none-eabi/lib/thumb/v7-m/crt0.o
 .ARM.attributes
                0x0000000000000000       0x1b c:/st/stm32cubeide_1.4.0/stm32cubeide/plugins/com.st.stm32cube.ide.mcu.externaltools.gnu-tools-for-stm32.7-2018-q2-update.win32_1.4.0.202007081208/tools/bin/../lib/gcc/arm-none-eabi/7.3.1/../../../../arm-none-eabi/lib/thumb/v7-m/crt0.o
 .group         0x0000000000000000        0xc Src/main.o
 .group         0x0000000000000000        0xc Src/main.o
 .group         0x0000000000000000        0xc Src/main.o
 .group         0x0000000000000000        0xc Src/main.o
 .group         0x0000000000000000        0xc Src/main.o
 .group         0x0000000000000000        0xc Src/main.o
 .group         0x0000000000000000        0xc Src/main.o
 .group         0x0000000000000000        0xc Src/main.o
 .group         0x0000000000000000        0xc Src/main.o
 .group         0x0000000000000000        0xc Src/main.o
 .group         0x0000000000000000        0xc Src/main.o
 .group         0x0000000000000000        0xc Src/main.o
 .group         0x0000000000000000        0xc Src/main.o
 .group         0x0000000000000000        0xc Src/main.o
 .group         0x0000000000000000        0xc Src/main.o
 .group         0x0000000000000000        0xc Src/main.o
 .group         0x0000000000000000        0xc Src/main.o
 .group         0x0000000000000000        0xc Src/main.o
 .group         0x0000000000000000        0xc Src/main.o
 .group         0x0000000000000000        0xc Src/main.o
 .group         0x0000000000000000        0xc Src/main.o
 .group         0x0000000000000000        0xc Src/main.o
 .group         0x0000000000000000        0xc Src/main.o
 .group         0x0000000000000000        0xc Src/main.o
 .group         0x0000000000000000        0xc Src/main.o
 .group         0x0000000000000000        0xc Src/main.o
 .group         0x0000000000000000        0xc Src/main.o
 .group         0x0000000000000000        0xc Src/main.o
 .group         0x0000000000000000        0xc Src/main.o
 .group         0x0000000000000000        0xc Src/main.o
 .group         0x0000000000000000        0xc Src/main.o
 .group         0x0000000000000000        0xc Src/main.o
 .group         0x0000000000000000        0xc Src/main.o
 .group         0x0000000000000000        0xc Src/main.o
 .group         0x0000000000000000        0xc Src/main.o
 .group         0x0000000000000000        0xc Src/main.o
 .group         0x0000000000000000        0xc Src/main.o
 .group         0x0000000000000000        0xc Src/main.o
 .group         0x0000000000000000        0xc Src/main.o
 .group         0x0000000000000000        0xc Src/main.o
 .text          0x0000000000000000        0x0 Src/main.o
 .data          0x0000000000000000        0x0 Src/main.o
 .bss           0x0000000000000000        0x0 Src/main.o
 .group         0x0000000000000000        0xc Src/syscalls.o
 .group         0x0000000000000000        0xc Src/syscalls.o
 .group         0x0000000000000000        0xc Src/syscalls.o
 .group         0x0000000000000000        0xc Src/syscalls.o
 .group         0x0000000000000000        0xc Src/syscalls.o
 .group         0x0000000000000000        0xc Src/syscalls.o
 .group         0x0000000000000000        0xc Src/syscalls.o
 .group         0x0000000000000000        0xc Src/syscalls.o
 .group         0x0000000000000000        0xc Src/syscalls.o
 .group         0x0000000000000000        0xc Src/syscalls.o
 .group         0x0000000000000000        0xc Src/syscalls.o
 .group         0x0000000000000000        0xc Src/syscalls.o
 .group         0x0000000000000000        0xc Src/syscalls.o
 .group         0x0000000000000000        0xc Src/syscalls.o
 .group         0x0000000000000000        0xc Src/syscalls.o
 .group         0x0000000000000000        0xc Src/syscalls.o
 .group         0x0000000000000000        0xc Src/syscalls.o
 .group         0x0000000000000000        0xc Src/syscalls.o
 .group         0x0000000000000000        0xc Src/syscalls.o
 .group         0x0000000000000000        0xc Src/syscalls.o
 .group         0x0000000000000000        0xc Src/syscalls.o
 .group         0x0000000000000000        0xc Src/syscalls.o
 .group         0x0000000000000000        0xc Src/syscalls.o
 .group         0x0000000000000000        0xc Src/syscalls.o
 .group         0x0000000000000000        0xc Src/syscalls.o
 .group         0x0000000000000000        0xc Src/syscalls.o
 .group         0x0000000000000000        0xc Src/syscalls.o
 .group         0x0000000000000000        0xc Src/syscalls.o
 .group         0x0000000000000000        0xc Src/syscalls.o
 .group         0x0000000000000000        0xc Src/syscalls.o
 .group         0x0000000000000000        0xc Src/syscalls.o
 .group         0x0000000000000000        0xc Src/syscalls.o
 .group         0x0000000000000000        0xc Src/syscalls.o
 .group         0x0000000000000000        0xc Src/syscalls.o
 .group         0x0000000000000000        0xc Src/syscalls.o
 .group         0x0000000000000000        0xc Src/syscalls.o
 .group         0x0000000000000000        0xc Src/syscalls.o
 .group         0x0000000000000000        0xc Src/syscalls.o
 .group         0x0000000000000000        0xc Src/syscalls.o
 .group         0x0000000000000000        0xc Src/syscalls.o
 .group         0x0000000000000000        0xc Src/syscalls.o
 .group         0x0000000000000000        0xc Src/syscalls.o
 .group         0x0000000000000000        0xc Src/syscalls.o
 .group         0x0000000000000000        0xc Src/syscalls.o
 .text          0x0000000000000000        0x0 Src/syscalls.o
 .data          0x0000000000000000        0x0 Src/syscalls.o
 .bss           0x0000000000000000        0x0 Src/syscalls.o
 .bss.__env     0x0000000000000000        0x4 Src/syscalls.o
 .data.environ  0x0000000000000000        0x4 Src/syscalls.o
 .text.initialise_monitor_handles
                0x0000000000000000        0xc Src/syscalls.o
 .text._getpid  0x0000000000000000        0xe Src/syscalls.o
 .text._kill    0x0000000000000000       0x20 Src/syscalls.o
 .text._exit    0x0000000000000000       0x14 Src/syscalls.o
 .text._read    0x0000000000000000       0x3a Src/syscalls.o
 .text._write   0x0000000000000000       0x38 Src/syscalls.o
 .text._close   0x0000000000000000       0x16 Src/syscalls.o
 .text._fstat   0x0000000000000000       0x1e Src/syscalls.o
 .text._isatty  0x0000000000000000       0x14 Src/syscalls.o
 .text._lseek   0x0000000000000000       0x18 Src/syscalls.o
 .text._open    0x0000000000000000       0x1a Src/syscalls.o
 .text._wait    0x0000000000000000       0x1e Src/syscalls.o
 .text._unlink  0x0000000000000000       0x1e Src/syscalls.o
 .text._times   0x0000000000000000       0x16 Src/syscalls.o
 .text._stat    0x0000000000000000       0x1e Src/syscalls.o
 .text._link    0x0000000000000000       0x20 Src/syscalls.o
 .text._fork    0x0000000000000000       0x16 Src/syscalls.o
 .text._execve  0x0000000000000000       0x22 Src/syscalls.o
 .debug_info    0x0000000000000000     0x1038 Src/syscalls.o
 .debug_abbrev  0x0000000000000000      0x254 Src/syscalls.o
 .debug_loc     0x0000000000000000      0x5b8 Src/syscalls.o
 .debug_aranges
                0x0000000000000000       0xa8 Src/syscalls.o
 .debug_ranges  0x0000000000000000       0x98 Src/syscalls.o
 .debug_macro   0x0000000000000000      0x243 Src/syscalls.o
 .debug_macro   0x0000000000000000      0xa60 Src/syscalls.o
 .debug_macro   0x0000000000000000       0x22 Src/syscalls.o
 .debug_macro   0x0000000000000000       0x40 Src/syscalls.o
 .debug_macro   0x0000000000000000       0x18 Src/syscalls.o
 .debug_macro   0x0000000000000000       0x94 Src/syscalls.o
 .debug_macro   0x0000000000000000       0x3c Src/syscalls.o
 .debug_macro   0x0000000000000000       0x34 Src/syscalls.o
 .debug_macro   0x0000000000000000       0x57 Src/syscalls.o
 .debug_macro   0x0000000000000000      0x174 Src/syscalls.o
 .debug_macro   0x0000000000000000      0x330 Src/syscalls.o
 .debug_macro   0x0000000000000000       0x52 Src/syscalls.o
 .debug_macro   0x0000000000000000       0x1f Src/syscalls.o
 .debug_macro   0x0000000000000000       0x43 Src/syscalls.o
 .debug_macro   0x0000000000000000       0x20 Src/syscalls.o
 .debug_macro   0x0000000000000000      0x1a3 Src/syscalls.o
 .debug_macro   0x0000000000000000       0x10 Src/syscalls.o
 .debug_macro   0x0000000000000000       0x35 Src/syscalls.o
 .debug_macro   0x0000000000000000       0x10 Src/syscalls.o
 .debug_macro   0x0000000000000000       0x10 Src/syscalls.o
 .debug_macro   0x0000000000000000       0x10 Src/syscalls.o
 .debug_macro   0x0000000000000000       0x6a Src/syscalls.o
 .debug_macro   0x0000000000000000       0x1c Src/syscalls.o
 .debug_macro   0x0000000000000000       0x52 Src/syscalls.o
 .debug_macro   0x0000000000000000       0x40 Src/syscalls.o
 .debug_macro   0x0000000000000000       0x10 Src/syscalls.o
 .debug_macro   0x0000000000000000       0x40 Src/syscalls.o
 .debug_macro   0x0000000000000000       0xd7 Src/syscalls.o
 .debug_macro   0x0000000000000000       0x1c Src/syscalls.o
 .debug_macro   0x0000000000000000       0x3d Src/syscalls.o
 .debug_macro   0x0000000000000000       0x35 Src/syscalls.o
 .debug_macro   0x0000000000000000      0x122 Src/syscalls.o
 .debug_macro   0x0000000000000000       0x16 Src/syscalls.o
 .debug_macro   0x0000000000000000       0x16 Src/syscalls.o
 .debug_macro   0x0000000000000000       0x29 Src/syscalls.o
 .debug_macro   0x0000000000000000       0x10 Src/syscalls.o
 .debug_macro   0x0000000000000000      0x241 Src/syscalls.o
 .debug_macro   0x0000000000000000       0x1c Src/syscalls.o
 .debug_macro   0x0000000000000000       0x10 Src/syscalls.o
 .debug_macro   0x0000000000000000       0x10 Src/syscalls.o
 .debug_macro   0x0000000000000000       0x16 Src/syscalls.o
 .debug_macro   0x0000000000000000      0x145 Src/syscalls.o
 .debug_macro   0x0000000000000000      0x189 Src/syscalls.o
 .debug_macro   0x0000000000000000       0x16 Src/syscalls.o
 .debug_macro   0x0000000000000000       0x88 Src/syscalls.o
 .debug_line    0x0000000000000000      0x739 Src/syscalls.o
 .debug_str     0x0000000000000000     0x886a Src/syscalls.o
 .comment       0x0000000000000000       0x7c Src/syscalls.o
 .debug_frame   0x0000000000000000      0x2ac Src/syscalls.o
 .ARM.attributes
                0x0000000000000000       0x33 Src/syscalls.o
 .group         0x0000000000000000        0xc Src/sysmem.o
 .group         0x0000000000000000        0xc Src/sysmem.o
 .group         0x0000000000000000        0xc Src/sysmem.o
 .group         0x0000000000000000        0xc Src/sysmem.o
 .group         0x0000000000000000        0xc Src/sysmem.o
 .group         0x0000000000000000        0xc Src/sysmem.o
 .group         0x0000000000000000        0xc Src/sysmem.o
 .group         0x0000000000000000        0xc Src/sysmem.o
 .group         0x0000000000000000        0xc Src/sysmem.o
 .group         0x0000000000000000        0xc Src/sysmem.o
 .group         0x0000000000000000        0xc Src/sysmem.o
 .group         0x0000000000000000        0xc Src/sysmem.o
 .group         0x0000000000000000        0xc Src/sysmem.o
 .group         0x0000000000000000        0xc Src/sysmem.o
 .group         0x0000000000000000        0xc Src/sysmem.o
 .group         0x0000000000000000        0xc Src/sysmem.o
 .group         0x0000000000000000        0xc Src/sysmem.o
 .group         0x0000000000000000        0xc Src/sysmem.o
 .group         0x0000000000000000        0xc Src/sysmem.o
 .text          0x0000000000000000        0x0 Src/sysmem.o
 .data          0x0000000000000000        0x0 Src/sysmem.o
 .bss           0x0000000000000000        0x0 Src/sysmem.o
 .bss.__sbrk_heap_end
                0x0000000000000000        0x4 Src/sysmem.o
 .text._sbrk    0x0000000000000000       0x6c Src/sysmem.o
 .debug_info    0x0000000000000000      0xa7c Src/sysmem.o
 .debug_abbrev  0x0000000000000000      0x18e Src/sysmem.o
 .debug_loc     0x0000000000000000       0x50 Src/sysmem.o
 .debug_aranges
                0x0000000000000000       0x20 Src/sysmem.o
 .debug_ranges  0x0000000000000000       0x10 Src/sysmem.o
 .debug_macro   0x0000000000000000       0xee Src/sysmem.o
 .debug_macro   0x0000000000000000      0xa60 Src/sysmem.o
 .debug_macro   0x0000000000000000       0x10 Src/sysmem.o
 .debug_macro   0x0000000000000000       0x22 Src/sysmem.o
 .debug_macro   0x0000000000000000       0x40 Src/sysmem.o
 .debug_macro   0x0000000000000000       0x18 Src/sysmem.o
 .debug_macro   0x0000000000000000       0x94 Src/sysmem.o
 .debug_macro   0x0000000000000000       0x3c Src/sysmem.o
 .debug_macro   0x0000000000000000       0x34 Src/sysmem.o
 .debug_macro   0x0000000000000000      0x174 Src/sysmem.o
 .debug_macro   0x0000000000000000       0x57 Src/sysmem.o
 .debug_macro   0x0000000000000000       0x52 Src/sysmem.o
 .debug_macro   0x0000000000000000       0x1f Src/sysmem.o
 .debug_macro   0x0000000000000000       0x43 Src/sysmem.o
 .debug_macro   0x0000000000000000       0x20 Src/sysmem.o
 .debug_macro   0x0000000000000000      0x1a3 Src/sysmem.o
 .debug_macro   0x0000000000000000      0x23b Src/sysmem.o
 .debug_macro   0x0000000000000000       0xef Src/sysmem.o
 .debug_macro   0x0000000000000000       0x6a Src/sysmem.o
 .debug_macro   0x0000000000000000      0x1df Src/sysmem.o
 .debug_line    0x0000000000000000      0x4c2 Src/sysmem.o
 .debug_str     0x0000000000000000     0x5f38 Src/sysmem.o
 .comment       0x0000000000000000       0x7c Src/sysmem.o
 .debug_frame   0x0000000000000000       0x34 Src/sysmem.o
 .ARM.attributes
                0x0000000000000000       0x33 Src/sysmem.o
 .text          0x0000000000000000       0x14 Startup/startup_stm32f103c6tx.o
 .data          0x0000000000000000        0x0 Startup/startup_stm32f103c6tx.o
 .bss           0x0000000000000000        0x0 Startup/startup_stm32f103c6tx.o
 .group         0x0000000000000000        0xc Stm32_F103C6_Drivers/KEYPAD_Driver/keypad.o
 .group         0x0000000000000000        0xc Stm32_F103C6_Drivers/KEYPAD_Driver/keypad.o
 .group         0x0000000000000000        0xc Stm32_F103C6_Drivers/KEYPAD_Driver/keypad.o
 .group         0x0000000000000000        0xc Stm32_F103C6_Drivers/KEYPAD_Driver/keypad.o
 .group         0x0000000000000000        0xc Stm32_F103C6_Drivers/KEYPAD_Driver/keypad.o
 .group         0x0000000000000000        0xc Stm32_F103C6_Drivers/KEYPAD_Driver/keypad.o
 .group         0x0000000000000000        0xc Stm32_F103C6_Drivers/KEYPAD_Driver/keypad.o
 .group         0x0000000000000000        0xc Stm32_F103C6_Drivers/KEYPAD_Driver/keypad.o
 .group         0x0000000000000000        0xc Stm32_F103C6_Drivers/KEYPAD_Driver/keypad.o
 .group         0x0000000000000000        0xc Stm32_F103C6_Drivers/KEYPAD_Driver/keypad.o
 .group         0x0000000000000000        0xc Stm32_F103C6_Drivers/KEYPAD_Driver/keypad.o
 .group         0x0000000000000000        0xc Stm32_F103C6_Drivers/KEYPAD_Driver/keypad.o
 .group         0x0000000000000000        0xc Stm32_F103C6_Drivers/KEYPAD_Driver/keypad.o
 .group         0x0000000000000000        0xc Stm32_F103C6_Drivers/KEYPAD_Driver/keypad.o
 .group         0x0000000000000000        0xc Stm32_F103C6_Drivers/KEYPAD_Driver/keypad.o
 .group         0x0000000000000000        0xc Stm32_F103C6_Drivers/KEYPAD_Driver/keypad.o
 .group         0x0000000000000000        0xc Stm32_F103C6_Drivers/KEYPAD_Driver/keypad.o
 .group         0x0000000000000000        0xc Stm32_F103C6_Drivers/KEYPAD_Driver/keypad.o
 .group         0x0000000000000000        0xc Stm32_F103C6_Drivers/KEYPAD_Driver/keypad.o
 .group         0x0000000000000000        0xc Stm32_F103C6_Drivers/KEYPAD_Driver/keypad.o
 .group         0x0000000000000000        0xc Stm32_F103C6_Drivers/KEYPAD_Driver/keypad.o
 .group         0x0000000000000000        0xc Stm32_F103C6_Drivers/KEYPAD_Driver/keypad.o
 .group         0x0000000000000000        0xc Stm32_F103C6_Drivers/KEYPAD_Driver/keypad.o
 .group         0x0000000000000000        0xc Stm32_F103C6_Drivers/KEYPAD_Driver/keypad.o
 .group         0x0000000000000000        0xc Stm32_F103C6_Drivers/KEYPAD_Driver/keypad.o
 .text          0x0000000000000000        0x0 Stm32_F103C6_Drivers/KEYPAD_Driver/keypad.o
 .data          0x0000000000000000        0x0 Stm32_F103C6_Drivers/KEYPAD_Driver/keypad.o
 .bss           0x0000000000000000        0x0 Stm32_F103C6_Drivers/KEYPAD_Driver/keypad.o
 .debug_macro   0x0000000000000000      0xa60 Stm32_F103C6_Drivers/KEYPAD_Driver/keypad.o
 .debug_macro   0x0000000000000000       0x18 Stm32_F103C6_Drivers/KEYPAD_Driver/keypad.o
 .debug_macro   0x0000000000000000       0x22 Stm32_F103C6_Drivers/KEYPAD_Driver/keypad.o
 .debug_macro   0x0000000000000000       0x40 Stm32_F103C6_Drivers/KEYPAD_Driver/keypad.o
 .debug_macro   0x0000000000000000       0x94 Stm32_F103C6_Drivers/KEYPAD_Driver/keypad.o
 .debug_macro   0x0000000000000000       0x3c Stm32_F103C6_Drivers/KEYPAD_Driver/keypad.o
 .debug_macro   0x0000000000000000       0x34 Stm32_F103C6_Drivers/KEYPAD_Driver/keypad.o
 .debug_macro   0x0000000000000000       0x16 Stm32_F103C6_Drivers/KEYPAD_Driver/keypad.o
 .debug_macro   0x0000000000000000      0x10e Stm32_F103C6_Drivers/KEYPAD_Driver/keypad.o
 .debug_macro   0x0000000000000000       0x8d Stm32_F103C6_Drivers/KEYPAD_Driver/keypad.o
 .debug_macro   0x0000000000000000       0x57 Stm32_F103C6_Drivers/KEYPAD_Driver/keypad.o
 .debug_macro   0x0000000000000000       0x52 Stm32_F103C6_Drivers/KEYPAD_Driver/keypad.o
 .debug_macro   0x0000000000000000       0x1f Stm32_F103C6_Drivers/KEYPAD_Driver/keypad.o
 .debug_macro   0x0000000000000000       0x43 Stm32_F103C6_Drivers/KEYPAD_Driver/keypad.o
 .debug_macro   0x0000000000000000       0x20 Stm32_F103C6_Drivers/KEYPAD_Driver/keypad.o
 .debug_macro   0x0000000000000000      0x1a3 Stm32_F103C6_Drivers/KEYPAD_Driver/keypad.o
 .debug_macro   0x0000000000000000      0x330 Stm32_F103C6_Drivers/KEYPAD_Driver/keypad.o
 .debug_macro   0x0000000000000000       0x16 Stm32_F103C6_Drivers/KEYPAD_Driver/keypad.o
 .debug_macro   0x0000000000000000       0x29 Stm32_F103C6_Drivers/KEYPAD_Driver/keypad.o
 .debug_macro   0x0000000000000000       0xef Stm32_F103C6_Drivers/KEYPAD_Driver/keypad.o
 .debug_macro   0x0000000000000000       0x6a Stm32_F103C6_Drivers/KEYPAD_Driver/keypad.o
 .debug_macro   0x0000000000000000      0x1df Stm32_F103C6_Drivers/KEYPAD_Driver/keypad.o
 .debug_macro   0x0000000000000000       0xb4 Stm32_F103C6_Drivers/KEYPAD_Driver/keypad.o
 .debug_macro   0x0000000000000000       0xd0 Stm32_F103C6_Drivers/KEYPAD_Driver/keypad.o
 .group         0x0000000000000000        0xc Stm32_F103C6_Drivers/LCD_Driver/lcd.o
 .group         0x0000000000000000        0xc Stm32_F103C6_Drivers/LCD_Driver/lcd.o
 .group         0x0000000000000000        0xc Stm32_F103C6_Drivers/LCD_Driver/lcd.o
 .group         0x0000000000000000        0xc Stm32_F103C6_Drivers/LCD_Driver/lcd.o
 .group         0x0000000000000000        0xc Stm32_F103C6_Drivers/LCD_Driver/lcd.o
 .group         0x0000000000000000        0xc Stm32_F103C6_Drivers/LCD_Driver/lcd.o
 .group         0x0000000000000000        0xc Stm32_F103C6_Drivers/LCD_Driver/lcd.o
 .group         0x0000000000000000        0xc Stm32_F103C6_Drivers/LCD_Driver/lcd.o
 .group         0x0000000000000000        0xc Stm32_F103C6_Drivers/LCD_Driver/lcd.o
 .group         0x0000000000000000        0xc Stm32_F103C6_Drivers/LCD_Driver/lcd.o
 .group         0x0000000000000000        0xc Stm32_F103C6_Drivers/LCD_Driver/lcd.o
 .group         0x0000000000000000        0xc Stm32_F103C6_Drivers/LCD_Driver/lcd.o
 .group         0x0000000000000000        0xc Stm32_F103C6_Drivers/LCD_Driver/lcd.o
 .group         0x0000000000000000        0xc Stm32_F103C6_Drivers/LCD_Driver/lcd.o
 .group         0x0000000000000000        0xc Stm32_F103C6_Drivers/LCD_Driver/lcd.o
 .group         0x0000000000000000        0xc Stm32_F103C6_Drivers/LCD_Driver/lcd.o
 .group         0x0000000000000000        0xc Stm32_F103C6_Drivers/LCD_Driver/lcd.o
 .group         0x0000000000000000        0xc Stm32_F103C6_Drivers/LCD_Driver/lcd.o
 .group         0x0000000000000000        0xc Stm32_F103C6_Drivers/LCD_Driver/lcd.o
 .group         0x0000000000000000        0xc Stm32_F103C6_Drivers/LCD_Driver/lcd.o
 .group         0x0000000000000000        0xc Stm32_F103C6_Drivers/LCD_Driver/lcd.o
 .group         0x0000000000000000        0xc Stm32_F103C6_Drivers/LCD_Driver/lcd.o
 .group         0x0000000000000000        0xc Stm32_F103C6_Drivers/LCD_Driver/lcd.o
 .group         0x0000000000000000        0xc Stm32_F103C6_Drivers/LCD_Driver/lcd.o
 .group         0x0000000000000000        0xc Stm32_F103C6_Drivers/LCD_Driver/lcd.o
 .group         0x0000000000000000        0xc Stm32_F103C6_Drivers/LCD_Driver/lcd.o
 .group         0x0000000000000000        0xc Stm32_F103C6_Drivers/LCD_Driver/lcd.o
 .group         0x0000000000000000        0xc Stm32_F103C6_Drivers/LCD_Driver/lcd.o
 .group         0x0000000000000000        0xc Stm32_F103C6_Drivers/LCD_Driver/lcd.o
 .group         0x0000000000000000        0xc Stm32_F103C6_Drivers/LCD_Driver/lcd.o
 .group         0x0000000000000000        0xc Stm32_F103C6_Drivers/LCD_Driver/lcd.o
 .group         0x0000000000000000        0xc Stm32_F103C6_Drivers/LCD_Driver/lcd.o
 .group         0x0000000000000000        0xc Stm32_F103C6_Drivers/LCD_Driver/lcd.o
 .group         0x0000000000000000        0xc Stm32_F103C6_Drivers/LCD_Driver/lcd.o
 .group         0x0000000000000000        0xc Stm32_F103C6_Drivers/LCD_Driver/lcd.o
 .group         0x0000000000000000        0xc Stm32_F103C6_Drivers/LCD_Driver/lcd.o
 .group         0x0000000000000000        0xc Stm32_F103C6_Drivers/LCD_Driver/lcd.o
 .group         0x0000000000000000        0xc Stm32_F103C6_Drivers/LCD_Driver/lcd.o
 .group         0x0000000000000000        0xc Stm32_F103C6_Drivers/LCD_Driver/lcd.o
 .text          0x0000000000000000        0x0 Stm32_F103C6_Drivers/LCD_Driver/lcd.o
 .data          0x0000000000000000        0x0 Stm32_F103C6_Drivers/LCD_Driver/lcd.o
 .bss           0x0000000000000000        0x0 Stm32_F103C6_Drivers/LCD_Driver/lcd.o
 .text.LCD_check_lcd_isbusy
                0x0000000000000000       0xd8 Stm32_F103C6_Drivers/LCD_Driver/lcd.o
 .debug_macro   0x0000000000000000      0xa60 Stm32_F103C6_Drivers/LCD_Driver/lcd.o
 .debug_macro   0x0000000000000000       0x18 Stm32_F103C6_Drivers/LCD_Driver/lcd.o
 .debug_macro   0x0000000000000000       0x22 Stm32_F103C6_Drivers/LCD_Driver/lcd.o
 .debug_macro   0x0000000000000000       0x40 Stm32_F103C6_Drivers/LCD_Driver/lcd.o
 .debug_macro   0x0000000000000000       0x94 Stm32_F103C6_Drivers/LCD_Driver/lcd.o
 .debug_macro   0x0000000000000000       0x3c Stm32_F103C6_Drivers/LCD_Driver/lcd.o
 .debug_macro   0x0000000000000000       0x34 Stm32_F103C6_Drivers/LCD_Driver/lcd.o
 .debug_macro   0x0000000000000000       0x16 Stm32_F103C6_Drivers/LCD_Driver/lcd.o
 .debug_macro   0x0000000000000000      0x10e Stm32_F103C6_Drivers/LCD_Driver/lcd.o
 .debug_macro   0x0000000000000000       0x8d Stm32_F103C6_Drivers/LCD_Driver/lcd.o
 .debug_macro   0x0000000000000000       0x57 Stm32_F103C6_Drivers/LCD_Driver/lcd.o
 .debug_macro   0x0000000000000000       0x52 Stm32_F103C6_Drivers/LCD_Driver/lcd.o
 .debug_macro   0x0000000000000000       0x1f Stm32_F103C6_Drivers/LCD_Driver/lcd.o
 .debug_macro   0x0000000000000000       0x43 Stm32_F103C6_Drivers/LCD_Driver/lcd.o
 .debug_macro   0x0000000000000000       0x20 Stm32_F103C6_Drivers/LCD_Driver/lcd.o
 .debug_macro   0x0000000000000000      0x1a3 Stm32_F103C6_Drivers/LCD_Driver/lcd.o
 .debug_macro   0x0000000000000000      0x330 Stm32_F103C6_Drivers/LCD_Driver/lcd.o
 .debug_macro   0x0000000000000000       0x16 Stm32_F103C6_Drivers/LCD_Driver/lcd.o
 .debug_macro   0x0000000000000000       0x29 Stm32_F103C6_Drivers/LCD_Driver/lcd.o
 .debug_macro   0x0000000000000000       0x1c Stm32_F103C6_Drivers/LCD_Driver/lcd.o
 .debug_macro   0x0000000000000000       0x35 Stm32_F103C6_Drivers/LCD_Driver/lcd.o
 .debug_macro   0x0000000000000000       0x10 Stm32_F103C6_Drivers/LCD_Driver/lcd.o
 .debug_macro   0x0000000000000000       0x10 Stm32_F103C6_Drivers/LCD_Driver/lcd.o
 .debug_macro   0x0000000000000000       0x6a Stm32_F103C6_Drivers/LCD_Driver/lcd.o
 .debug_macro   0x0000000000000000       0x1c Stm32_F103C6_Drivers/LCD_Driver/lcd.o
 .debug_macro   0x0000000000000000       0x52 Stm32_F103C6_Drivers/LCD_Driver/lcd.o
 .debug_macro   0x0000000000000000       0x40 Stm32_F103C6_Drivers/LCD_Driver/lcd.o
 .debug_macro   0x0000000000000000       0x10 Stm32_F103C6_Drivers/LCD_Driver/lcd.o
 .debug_macro   0x0000000000000000       0x40 Stm32_F103C6_Drivers/LCD_Driver/lcd.o
 .debug_macro   0x0000000000000000       0xd7 Stm32_F103C6_Drivers/LCD_Driver/lcd.o
 .debug_macro   0x0000000000000000       0x1c Stm32_F103C6_Drivers/LCD_Driver/lcd.o
 .debug_macro   0x0000000000000000       0x3d Stm32_F103C6_Drivers/LCD_Driver/lcd.o
 .debug_macro   0x0000000000000000       0x16 Stm32_F103C6_Drivers/LCD_Driver/lcd.o
 .debug_macro   0x0000000000000000      0x145 Stm32_F103C6_Drivers/LCD_Driver/lcd.o
 .debug_macro   0x0000000000000000       0xef Stm32_F103C6_Drivers/LCD_Driver/lcd.o
 .debug_macro   0x0000000000000000      0x1df Stm32_F103C6_Drivers/LCD_Driver/lcd.o
 .debug_macro   0x0000000000000000       0xb4 Stm32_F103C6_Drivers/LCD_Driver/lcd.o
 .debug_macro   0x0000000000000000       0xd0 Stm32_F103C6_Drivers/LCD_Driver/lcd.o
 .debug_macro   0x0000000000000000       0x94 Stm32_F103C6_Drivers/LCD_Driver/lcd.o
 .group         0x0000000000000000        0xc Stm32_F103C6_Drivers/Stm32_F103C6_gpio_driver.o
 .group         0x0000000000000000        0xc Stm32_F103C6_Drivers/Stm32_F103C6_gpio_driver.o
 .group         0x0000000000000000        0xc Stm32_F103C6_Drivers/Stm32_F103C6_gpio_driver.o
 .group         0x0000000000000000        0xc Stm32_F103C6_Drivers/Stm32_F103C6_gpio_driver.o
 .group         0x0000000000000000        0xc Stm32_F103C6_Drivers/Stm32_F103C6_gpio_driver.o
 .group         0x0000000000000000        0xc Stm32_F103C6_Drivers/Stm32_F103C6_gpio_driver.o
 .group         0x0000000000000000        0xc Stm32_F103C6_Drivers/Stm32_F103C6_gpio_driver.o
 .group         0x0000000000000000        0xc Stm32_F103C6_Drivers/Stm32_F103C6_gpio_driver.o
 .group         0x0000000000000000        0xc Stm32_F103C6_Drivers/Stm32_F103C6_gpio_driver.o
 .group         0x0000000000000000        0xc Stm32_F103C6_Drivers/Stm32_F103C6_gpio_driver.o
 .group         0x0000000000000000        0xc Stm32_F103C6_Drivers/Stm32_F103C6_gpio_driver.o
 .group         0x0000000000000000        0xc Stm32_F103C6_Drivers/Stm32_F103C6_gpio_driver.o
 .group         0x0000000000000000        0xc Stm32_F103C6_Drivers/Stm32_F103C6_gpio_driver.o
 .group         0x0000000000000000        0xc Stm32_F103C6_Drivers/Stm32_F103C6_gpio_driver.o
 .group         0x0000000000000000        0xc Stm32_F103C6_Drivers/Stm32_F103C6_gpio_driver.o
 .group         0x0000000000000000        0xc Stm32_F103C6_Drivers/Stm32_F103C6_gpio_driver.o
 .group         0x0000000000000000        0xc Stm32_F103C6_Drivers/Stm32_F103C6_gpio_driver.o
 .group         0x0000000000000000        0xc Stm32_F103C6_Drivers/Stm32_F103C6_gpio_driver.o
 .group         0x0000000000000000        0xc Stm32_F103C6_Drivers/Stm32_F103C6_gpio_driver.o
 .group         0x0000000000000000        0xc Stm32_F103C6_Drivers/Stm32_F103C6_gpio_driver.o
 .group         0x0000000000000000        0xc Stm32_F103C6_Drivers/Stm32_F103C6_gpio_driver.o
 .group         0x0000000000000000        0xc Stm32_F103C6_Drivers/Stm32_F103C6_gpio_driver.o
 .group         0x0000000000000000        0xc Stm32_F103C6_Drivers/Stm32_F103C6_gpio_driver.o
 .group         0x0000000000000000        0xc Stm32_F103C6_Drivers/Stm32_F103C6_gpio_driver.o
 .text          0x0000000000000000        0x0 Stm32_F103C6_Drivers/Stm32_F103C6_gpio_driver.o
 .data          0x0000000000000000        0x0 Stm32_F103C6_Drivers/Stm32_F103C6_gpio_driver.o
 .bss           0x0000000000000000        0x0 Stm32_F103C6_Drivers/Stm32_F103C6_gpio_driver.o
 .text.MCAL_GPIO_DeInit
                0x0000000000000000       0xd4 Stm32_F103C6_Drivers/Stm32_F103C6_gpio_driver.o
 .text.MCAL_GPIO_ReadPort
                0x0000000000000000       0x1a Stm32_F103C6_Drivers/Stm32_F103C6_gpio_driver.o
 .text.MCAL_GPIO_TogglePin
                0x0000000000000000       0x22 Stm32_F103C6_Drivers/Stm32_F103C6_gpio_driver.o
 .text.MCAL_GPIO_Lockpin
                0x0000000000000000       0x4e Stm32_F103C6_Drivers/Stm32_F103C6_gpio_driver.o
 .debug_macro   0x0000000000000000      0xa60 Stm32_F103C6_Drivers/Stm32_F103C6_gpio_driver.o
 .debug_macro   0x0000000000000000       0x18 Stm32_F103C6_Drivers/Stm32_F103C6_gpio_driver.o
 .debug_macro   0x0000000000000000       0x22 Stm32_F103C6_Drivers/Stm32_F103C6_gpio_driver.o
 .debug_macro   0x0000000000000000       0x40 Stm32_F103C6_Drivers/Stm32_F103C6_gpio_driver.o
 .debug_macro   0x0000000000000000       0x94 Stm32_F103C6_Drivers/Stm32_F103C6_gpio_driver.o
 .debug_macro   0x0000000000000000       0x3c Stm32_F103C6_Drivers/Stm32_F103C6_gpio_driver.o
 .debug_macro   0x0000000000000000       0x34 Stm32_F103C6_Drivers/Stm32_F103C6_gpio_driver.o
 .debug_macro   0x0000000000000000       0x16 Stm32_F103C6_Drivers/Stm32_F103C6_gpio_driver.o
 .debug_macro   0x0000000000000000      0x10e Stm32_F103C6_Drivers/Stm32_F103C6_gpio_driver.o
 .debug_macro   0x0000000000000000       0x8d Stm32_F103C6_Drivers/Stm32_F103C6_gpio_driver.o
 .debug_macro   0x0000000000000000       0x57 Stm32_F103C6_Drivers/Stm32_F103C6_gpio_driver.o
 .debug_macro   0x0000000000000000       0x52 Stm32_F103C6_Drivers/Stm32_F103C6_gpio_driver.o
 .debug_macro   0x0000000000000000       0x1f Stm32_F103C6_Drivers/Stm32_F103C6_gpio_driver.o
 .debug_macro   0x0000000000000000       0x43 Stm32_F103C6_Drivers/Stm32_F103C6_gpio_driver.o
 .debug_macro   0x0000000000000000       0x20 Stm32_F103C6_Drivers/Stm32_F103C6_gpio_driver.o
 .debug_macro   0x0000000000000000      0x1a3 Stm32_F103C6_Drivers/Stm32_F103C6_gpio_driver.o
 .debug_macro   0x0000000000000000      0x330 Stm32_F103C6_Drivers/Stm32_F103C6_gpio_driver.o
 .debug_macro   0x0000000000000000       0x16 Stm32_F103C6_Drivers/Stm32_F103C6_gpio_driver.o
 .debug_macro   0x0000000000000000       0x29 Stm32_F103C6_Drivers/Stm32_F103C6_gpio_driver.o
 .debug_macro   0x0000000000000000       0xef Stm32_F103C6_Drivers/Stm32_F103C6_gpio_driver.o
 .debug_macro   0x0000000000000000       0x6a Stm32_F103C6_Drivers/Stm32_F103C6_gpio_driver.o
 .debug_macro   0x0000000000000000      0x1df Stm32_F103C6_Drivers/Stm32_F103C6_gpio_driver.o
 .debug_macro   0x0000000000000000       0xb4 Stm32_F103C6_Drivers/Stm32_F103C6_gpio_driver.o
 .debug_macro   0x0000000000000000       0xd0 Stm32_F103C6_Drivers/Stm32_F103C6_gpio_driver.o
 .text          0x0000000000000000        0x0 c:/st/stm32cubeide_1.4.0/stm32cubeide/plugins/com.st.stm32cube.ide.mcu.externaltools.gnu-tools-for-stm32.7-2018-q2-update.win32_1.4.0.202007081208/tools/bin/../lib/gcc/arm-none-eabi/7.3.1/../../../../arm-none-eabi/lib/thumb/v7-m\libc_nano.a(lib_a-errno.o)
 .data          0x0000000000000000        0x0 c:/st/stm32cubeide_1.4.0/stm32cubeide/plugins/com.st.stm32cube.ide.mcu.externaltools.gnu-tools-for-stm32.7-2018-q2-update.win32_1.4.0.202007081208/tools/bin/../lib/gcc/arm-none-eabi/7.3.1/../../../../arm-none-eabi/lib/thumb/v7-m\libc_nano.a(lib_a-errno.o)
 .bss           0x0000000000000000        0x0 c:/st/stm32cubeide_1.4.0/stm32cubeide/plugins/com.st.stm32cube.ide.mcu.externaltools.gnu-tools-for-stm32.7-2018-q2-update.win32_1.4.0.202007081208/tools/bin/../lib/gcc/arm-none-eabi/7.3.1/../../../../arm-none-eabi/lib/thumb/v7-m\libc_nano.a(lib_a-errno.o)
 .text.__errno  0x0000000000000000        0xc c:/st/stm32cubeide_1.4.0/stm32cubeide/plugins/com.st.stm32cube.ide.mcu.externaltools.gnu-tools-for-stm32.7-2018-q2-update.win32_1.4.0.202007081208/tools/bin/../lib/gcc/arm-none-eabi/7.3.1/../../../../arm-none-eabi/lib/thumb/v7-m\libc_nano.a(lib_a-errno.o)
 .debug_frame   0x0000000000000000       0x20 c:/st/stm32cubeide_1.4.0/stm32cubeide/plugins/com.st.stm32cube.ide.mcu.externaltools.gnu-tools-for-stm32.7-2018-q2-update.win32_1.4.0.202007081208/tools/bin/../lib/gcc/arm-none-eabi/7.3.1/../../../../arm-none-eabi/lib/thumb/v7-m\libc_nano.a(lib_a-errno.o)
 .ARM.attributes
                0x0000000000000000       0x2d c:/st/stm32cubeide_1.4.0/stm32cubeide/plugins/com.st.stm32cube.ide.mcu.externaltools.gnu-tools-for-stm32.7-2018-q2-update.win32_1.4.0.202007081208/tools/bin/../lib/gcc/arm-none-eabi/7.3.1/../../../../arm-none-eabi/lib/thumb/v7-m\libc_nano.a(lib_a-errno.o)
 .text          0x0000000000000000        0x0 c:/st/stm32cubeide_1.4.0/stm32cubeide/plugins/com.st.stm32cube.ide.mcu.externaltools.gnu-tools-for-stm32.7-2018-q2-update.win32_1.4.0.202007081208/tools/bin/../lib/gcc/arm-none-eabi/7.3.1/../../../../arm-none-eabi/lib/thumb/v7-m\libc_nano.a(lib_a-exit.o)
 .data          0x0000000000000000        0x0 c:/st/stm32cubeide_1.4.0/stm32cubeide/plugins/com.st.stm32cube.ide.mcu.externaltools.gnu-tools-for-stm32.7-2018-q2-update.win32_1.4.0.202007081208/tools/bin/../lib/gcc/arm-none-eabi/7.3.1/../../../../arm-none-eabi/lib/thumb/v7-m\libc_nano.a(lib_a-exit.o)
 .bss           0x0000000000000000        0x0 c:/st/stm32cubeide_1.4.0/stm32cubeide/plugins/com.st.stm32cube.ide.mcu.externaltools.gnu-tools-for-stm32.7-2018-q2-update.win32_1.4.0.202007081208/tools/bin/../lib/gcc/arm-none-eabi/7.3.1/../../../../arm-none-eabi/lib/thumb/v7-m\libc_nano.a(lib_a-exit.o)
 .text.exit     0x0000000000000000       0x28 c:/st/stm32cubeide_1.4.0/stm32cubeide/plugins/com.st.stm32cube.ide.mcu.externaltools.gnu-tools-for-stm32.7-2018-q2-update.win32_1.4.0.202007081208/tools/bin/../lib/gcc/arm-none-eabi/7.3.1/../../../../arm-none-eabi/lib/thumb/v7-m\libc_nano.a(lib_a-exit.o)
 .debug_frame   0x0000000000000000       0x28 c:/st/stm32cubeide_1.4.0/stm32cubeide/plugins/com.st.stm32cube.ide.mcu.externaltools.gnu-tools-for-stm32.7-2018-q2-update.win32_1.4.0.202007081208/tools/bin/../lib/gcc/arm-none-eabi/7.3.1/../../../../arm-none-eabi/lib/thumb/v7-m\libc_nano.a(lib_a-exit.o)
 .ARM.attributes
                0x0000000000000000       0x2d c:/st/stm32cubeide_1.4.0/stm32cubeide/plugins/com.st.stm32cube.ide.mcu.externaltools.gnu-tools-for-stm32.7-2018-q2-update.win32_1.4.0.202007081208/tools/bin/../lib/gcc/arm-none-eabi/7.3.1/../../../../arm-none-eabi/lib/thumb/v7-m\libc_nano.a(lib_a-exit.o)
 .text          0x0000000000000000        0x0 c:/st/stm32cubeide_1.4.0/stm32cubeide/plugins/com.st.stm32cube.ide.mcu.externaltools.gnu-tools-for-stm32.7-2018-q2-update.win32_1.4.0.202007081208/tools/bin/../lib/gcc/arm-none-eabi/7.3.1/../../../../arm-none-eabi/lib/thumb/v7-m\libc_nano.a(lib_a-impure.o)
 .data          0x0000000000000000        0x0 c:/st/stm32cubeide_1.4.0/stm32cubeide/plugins/com.st.stm32cube.ide.mcu.externaltools.gnu-tools-for-stm32.7-2018-q2-update.win32_1.4.0.202007081208/tools/bin/../lib/gcc/arm-none-eabi/7.3.1/../../../../arm-none-eabi/lib/thumb/v7-m\libc_nano.a(lib_a-impure.o)
 .bss           0x0000000000000000        0x0 c:/st/stm32cubeide_1.4.0/stm32cubeide/plugins/com.st.stm32cube.ide.mcu.externaltools.gnu-tools-for-stm32.7-2018-q2-update.win32_1.4.0.202007081208/tools/bin/../lib/gcc/arm-none-eabi/7.3.1/../../../../arm-none-eabi/lib/thumb/v7-m\libc_nano.a(lib_a-impure.o)
 .data._impure_ptr
                0x0000000000000000        0x4 c:/st/stm32cubeide_1.4.0/stm32cubeide/plugins/com.st.stm32cube.ide.mcu.externaltools.gnu-tools-for-stm32.7-2018-q2-update.win32_1.4.0.202007081208/tools/bin/../lib/gcc/arm-none-eabi/7.3.1/../../../../arm-none-eabi/lib/thumb/v7-m\libc_nano.a(lib_a-impure.o)
 .data.impure_data
                0x0000000000000000       0x60 c:/st/stm32cubeide_1.4.0/stm32cubeide/plugins/com.st.stm32cube.ide.mcu.externaltools.gnu-tools-for-stm32.7-2018-q2-update.win32_1.4.0.202007081208/tools/bin/../lib/gcc/arm-none-eabi/7.3.1/../../../../arm-none-eabi/lib/thumb/v7-m\libc_nano.a(lib_a-impure.o)
 .rodata._global_impure_ptr
                0x0000000000000000        0x4 c:/st/stm32cubeide_1.4.0/stm32cubeide/plugins/com.st.stm32cube.ide.mcu.externaltools.gnu-tools-for-stm32.7-2018-q2-update.win32_1.4.0.202007081208/tools/bin/../lib/gcc/arm-none-eabi/7.3.1/../../../../arm-none-eabi/lib/thumb/v7-m\libc_nano.a(lib_a-impure.o)
 .ARM.attributes
                0x0000000000000000       0x2d c:/st/stm32cubeide_1.4.0/stm32cubeide/plugins/com.st.stm32cube.ide.mcu.externaltools.gnu-tools-for-stm32.7-2018-q2-update.win32_1.4.0.202007081208/tools/bin/../lib/gcc/arm-none-eabi/7.3.1/../../../../arm-none-eabi/lib/thumb/v7-m\libc_nano.a(lib_a-impure.o)
 .text          0x0000000000000000        0x0 c:/st/stm32cubeide_1.4.0/stm32cubeide/plugins/com.st.stm32cube.ide.mcu.externaltools.gnu-tools-for-stm32.7-2018-q2-update.win32_1.4.0.202007081208/tools/bin/../lib/gcc/arm-none-eabi/7.3.1/../../../../arm-none-eabi/lib/thumb/v7-m\libc_nano.a(lib_a-init.o)
 .data          0x0000000000000000        0x0 c:/st/stm32cubeide_1.4.0/stm32cubeide/plugins/com.st.stm32cube.ide.mcu.externaltools.gnu-tools-for-stm32.7-2018-q2-update.win32_1.4.0.202007081208/tools/bin/../lib/gcc/arm-none-eabi/7.3.1/../../../../arm-none-eabi/lib/thumb/v7-m\libc_nano.a(lib_a-init.o)
 .bss           0x0000000000000000        0x0 c:/st/stm32cubeide_1.4.0/stm32cubeide/plugins/com.st.stm32cube.ide.mcu.externaltools.gnu-tools-for-stm32.7-2018-q2-update.win32_1.4.0.202007081208/tools/bin/../lib/gcc/arm-none-eabi/7.3.1/../../../../arm-none-eabi/lib/thumb/v7-m\libc_nano.a(lib_a-init.o)
 .text          0x0000000000000000        0x0 c:/st/stm32cubeide_1.4.0/stm32cubeide/plugins/com.st.stm32cube.ide.mcu.externaltools.gnu-tools-for-stm32.7-2018-q2-update.win32_1.4.0.202007081208/tools/bin/../lib/gcc/arm-none-eabi/7.3.1/../../../../arm-none-eabi/lib/thumb/v7-m\libc_nano.a(lib_a-memset.o)
 .data          0x0000000000000000        0x0 c:/st/stm32cubeide_1.4.0/stm32cubeide/plugins/com.st.stm32cube.ide.mcu.externaltools.gnu-tools-for-stm32.7-2018-q2-update.win32_1.4.0.202007081208/tools/bin/../lib/gcc/arm-none-eabi/7.3.1/../../../../arm-none-eabi/lib/thumb/v7-m\libc_nano.a(lib_a-memset.o)
 .bss           0x0000000000000000        0x0 c:/st/stm32cubeide_1.4.0/stm32cubeide/plugins/com.st.stm32cube.ide.mcu.externaltools.gnu-tools-for-stm32.7-2018-q2-update.win32_1.4.0.202007081208/tools/bin/../lib/gcc/arm-none-eabi/7.3.1/../../../../arm-none-eabi/lib/thumb/v7-m\libc_nano.a(lib_a-memset.o)
 .text.memset   0x0000000000000000       0x10 c:/st/stm32cubeide_1.4.0/stm32cubeide/plugins/com.st.stm32cube.ide.mcu.externaltools.gnu-tools-for-stm32.7-2018-q2-update.win32_1.4.0.202007081208/tools/bin/../lib/gcc/arm-none-eabi/7.3.1/../../../../arm-none-eabi/lib/thumb/v7-m\libc_nano.a(lib_a-memset.o)
 .debug_frame   0x0000000000000000       0x20 c:/st/stm32cubeide_1.4.0/stm32cubeide/plugins/com.st.stm32cube.ide.mcu.externaltools.gnu-tools-for-stm32.7-2018-q2-update.win32_1.4.0.202007081208/tools/bin/../lib/gcc/arm-none-eabi/7.3.1/../../../../arm-none-eabi/lib/thumb/v7-m\libc_nano.a(lib_a-memset.o)
 .ARM.attributes
                0x0000000000000000       0x2d c:/st/stm32cubeide_1.4.0/stm32cubeide/plugins/com.st.stm32cube.ide.mcu.externaltools.gnu-tools-for-stm32.7-2018-q2-update.win32_1.4.0.202007081208/tools/bin/../lib/gcc/arm-none-eabi/7.3.1/../../../../arm-none-eabi/lib/thumb/v7-m\libc_nano.a(lib_a-memset.o)
 .text          0x0000000000000000        0x0 c:/st/stm32cubeide_1.4.0/stm32cubeide/plugins/com.st.stm32cube.ide.mcu.externaltools.gnu-tools-for-stm32.7-2018-q2-update.win32_1.4.0.202007081208/tools/bin/../lib/gcc/arm-none-eabi/7.3.1/thumb/v7-m/crtend.o
 .data          0x0000000000000000        0x0 c:/st/stm32cubeide_1.4.0/stm32cubeide/plugins/com.st.stm32cube.ide.mcu.externaltools.gnu-tools-for-stm32.7-2018-q2-update.win32_1.4.0.202007081208/tools/bin/../lib/gcc/arm-none-eabi/7.3.1/thumb/v7-m/crtend.o
 .bss           0x0000000000000000        0x0 c:/st/stm32cubeide_1.4.0/stm32cubeide/plugins/com.st.stm32cube.ide.mcu.externaltools.gnu-tools-for-stm32.7-2018-q2-update.win32_1.4.0.202007081208/tools/bin/../lib/gcc/arm-none-eabi/7.3.1/thumb/v7-m/crtend.o
 .eh_frame      0x0000000000000000        0x4 c:/st/stm32cubeide_1.4.0/stm32cubeide/plugins/com.st.stm32cube.ide.mcu.externaltools.gnu-tools-for-stm32.7-2018-q2-update.win32_1.4.0.202007081208/tools/bin/../lib/gcc/arm-none-eabi/7.3.1/thumb/v7-m/crtend.o
 .ARM.attributes
                0x0000000000000000       0x2d c:/st/stm32cubeide_1.4.0/stm32cubeide/plugins/com.st.stm32cube.ide.mcu.externaltools.gnu-tools-for-stm32.7-2018-q2-update.win32_1.4.0.202007081208/tools/bin/../lib/gcc/arm-none-eabi/7.3.1/thumb/v7-m/crtend.o
 .text          0x0000000000000000        0x0 c:/st/stm32cubeide_1.4.0/stm32cubeide/plugins/com.st.stm32cube.ide.mcu.externaltools.gnu-tools-for-stm32.7-2018-q2-update.win32_1.4.0.202007081208/tools/bin/../lib/gcc/arm-none-eabi/7.3.1/thumb/v7-m/crtn.o
 .data          0x0000000000000000        0x0 c:/st/stm32cubeide_1.4.0/stm32cubeide/plugins/com.st.stm32cube.ide.mcu.externaltools.gnu-tools-for-stm32.7-2018-q2-update.win32_1.4.0.202007081208/tools/bin/../lib/gcc/arm-none-eabi/7.3.1/thumb/v7-m/crtn.o
 .bss           0x0000000000000000        0x0 c:/st/stm32cubeide_1.4.0/stm32cubeide/plugins/com.st.stm32cube.ide.mcu.externaltools.gnu-tools-for-stm32.7-2018-q2-update.win32_1.4.0.202007081208/tools/bin/../lib/gcc/arm-none-eabi/7.3.1/thumb/v7-m/crtn.o

Memory Configuration

Name             Origin             Length             Attributes
RAM              0x0000000020000000 0x0000000000002800 xrw
ROM              0x0000000008000000 0x0000000000008000 xr
*default*        0x0000000000000000 0xffffffffffffffff

Linker script and memory map

LOAD c:/st/stm32cubeide_1.4.0/stm32cubeide/plugins/com.st.stm32cube.ide.mcu.externaltools.gnu-tools-for-stm32.7-2018-q2-update.win32_1.4.0.202007081208/tools/bin/../lib/gcc/arm-none-eabi/7.3.1/thumb/v7-m/crti.o
LOAD c:/st/stm32cubeide_1.4.0/stm32cubeide/plugins/com.st.stm32cube.ide.mcu.externaltools.gnu-tools-for-stm32.7-2018-q2-update.win32_1.4.0.202007081208/tools/bin/../lib/gcc/arm-none-eabi/7.3.1/thumb/v7-m/crtbegin.o
LOAD c:/st/stm32cubeide_1.4.0/stm32cubeide/plugins/com.st.stm32cube.ide.mcu.externaltools.gnu-tools-for-stm32.7-2018-q2-update.win32_1.4.0.202007081208/tools/bin/../lib/gcc/arm-none-eabi/7.3.1/../../../../arm-none-eabi/lib/thumb/v7-m/crt0.o
LOAD Src/main.o
LOAD Src/syscalls.o
LOAD Src/sysmem.o
LOAD Startup/startup_stm32f103c6tx.o
LOAD Stm32_F103C6_Drivers/KEYPAD_Driver/keypad.o
LOAD Stm32_F103C6_Drivers/LCD_Driver/lcd.o
LOAD Stm32_F103C6_Drivers/Stm32_F103C6_gpio_driver.o
START GROUP
LOAD c:/st/stm32cubeide_1.4.0/stm32cubeide/plugins/com.st.stm32cube.ide.mcu.externaltools.gnu-tools-for-stm32.7-2018-q2-update.win32_1.4.0.202007081208/tools/bin/../lib/gcc/arm-none-eabi/7.3.1/../../../../arm-none-eabi/lib/thumb/v7-m\libc_nano.a
LOAD c:/st/stm32cubeide_1.4.0/stm32cubeide/plugins/com.st.stm32cube.ide.mcu.externaltools.gnu-tools-for-stm32.7-2018-q2-update.win32_1.4.0.202007081208/tools/bin/../lib/gcc/arm-none-eabi/7.3.1/../../../../arm-none-eabi/lib/thumb/v7-m\libm.a
END GROUP
START GROUP
LOAD c:/st/stm32cubeide_1.4.0/stm32cubeide/plugins/com.st.stm32cube.ide.mcu.externaltools.gnu-tools-for-stm32.7-2018-q2-update.win32_1.4.0.202007081208/tools/bin/../lib/gcc/arm-none-eabi/7.3.1/thumb/v7-m\libgcc.a
LOAD c:/st/stm32cubeide_1.4.0/stm32cubeide/plugins/com.st.stm32cube.ide.mcu.externaltools.gnu-tools-for-stm32.7-2018-q2-update.win32_1.4.0.202007081208/tools/bin/../lib/gcc/arm-none-eabi/7.3.1/../../../../arm-none-eabi/lib/thumb/v7-m\libg_nano.a
LOAD c:/st/stm32cubeide_1.4.0/stm32cubeide/plugins/com.st.stm32cube.ide.mcu.externaltools.gnu-tools-for-stm32.7-2018-q2-update.win32_1.4.0.202007081208/tools/bin/../lib/gcc/arm-none-eabi/7.3.1/../../../../arm-none-eabi/lib/thumb/v7-m\libc_nano.a
END GROUP
START GROUP
LOAD c:/st/stm32cubeide_1.4.0/stm32cubeide/plugins/com.st.stm32cube.ide.mcu.externaltools.gnu-tools-for-stm32.7-2018-q2-update.win32_1.4.0.202007081208/tools/bin/../lib/gcc/arm-none-eabi/7.3.1/thumb/v7-m\libgcc.a
LOAD c:/st/stm32cubeide_1.4.0/stm32cubeide/plugins/com.st.stm32cube.ide.mcu.externaltools.gnu-tools-for-stm32.7-2018-q2-update.win32_1.4.0.202007081208/tools/bin/../lib/gcc/arm-none-eabi/7.3.1/../../../../arm-none-eabi/lib/thumb/v7-m\libc_nano.a
LOAD c:/st/stm32cubeide_1.4.0/stm32cubeide/plugins/com.st.stm32cube.ide.mcu.externaltools.gnu-tools-for-stm32.7-2018-q2-update.win32_1.4.0.202007081208/tools/bin/../lib/gcc/arm-none-eabi/7.3.1/../../../../arm-none-eabi/lib/thumb/v7-m\libnosys.a
END GROUP
START GROUP
LOAD c:/st/stm32cubeide_1.4.0/stm32cubeide/plugins/com.st.stm32cube.ide.mcu.externaltools.gnu-tools-for-stm32.7-2018-q2-update.win32_1.4.0.202007081208/tools/bin/../lib/gcc/arm-none-eabi/7.3.1/thumb/v7-m\libgcc.a
LOAD c:/st/stm32cubeide_1.4.0/stm32cubeide/plugins/com.st.stm32cube.ide.mcu.externaltools.gnu-tools-for-stm32.7-2018-q2-update.win32_1.4.0.202007081208/tools/bin/../lib/gcc/arm-none-eabi/7.3.1/../../../../arm-none-eabi/lib/thumb/v7-m\libc_nano.a
LOAD c:/st/stm32cubeide_1.4.0/stm32cubeide/plugins/com.st.stm32cube.ide.mcu.externaltools.gnu-tools-for-stm32.7-2018-q2-update.win32_1.4.0.202007081208/tools/bin/../lib/gcc/arm-none-eabi/7.3.1/../../../../arm-none-eabi/lib/thumb/v7-m\libnosys.a
END GROUP
LOAD c:/st/stm32cubeide_1.4.0/stm32cubeide/plugins/com.st.stm32cube.ide.mcu.externaltools.gnu-tools-for-stm32.7-2018-q2-update.win32_1.4.0.202007081208/tools/bin/../lib/gcc/arm-none-eabi/7.3.1/thumb/v7-m/crtend.o
LOAD c:/st/stm32cubeide_1.4.0/stm32cubeide/plugins/com.st.stm32cube.ide.mcu.externaltools.gnu-tools-for-stm32.7-2018-q2-update.win32_1.4.0.202007081208/tools/bin/../lib/gcc/arm-none-eabi/7.3.1/thumb/v7-m/crtn.o
                0x0000000020002800                _estack = (ORIGIN (RAM) + LENGTH (RAM))
                0x0000000000000200                _Min_Heap_Size = 0x200
                0x0000000000000400                _Min_Stack_Size = 0x400

.isr_vector     0x0000000008000000      0x130
                0x0000000008000000                . = ALIGN (0x4)
 *(.isr_vector)
 .isr_vector    0x0000000008000000      0x130 Startup/startup_stm32f103c6tx.o
                0x0000000008000000                g_pfnVectors
                0x0000000008000130                . = ALIGN (0x4)

.text           0x0000000008000130      0xa9c
                0x0000000008000130                . = ALIGN (0x4)
 *(.text)
 .text          0x0000000008000130       0x40 c:/st/stm32cubeide_1.4.0/stm32cubeide/plugins/com.st.stm32cube.ide.mcu.externaltools.gnu-tools-for-stm32.7-2018-q2-update.win32_1.4.0.202007081208/tools/bin/../lib/gcc/arm-none-eabi/7.3.1/thumb/v7-m/crtbegin.o
 *(.text*)
 .text.my_wait  0x0000000008000170       0x38 Src/main.o
                0x0000000008000170                my_wait
 .text.clock_init
                0x00000000080001a8       0x28 Src/main.o
                0x00000000080001a8                clock_init
 .text.GPIO_init
                0x00000000080001d0       0xd4 Src/main.o
                0x00000000080001d0                GPIO_init
 .text.main     0x00000000080002a4       0xe0 Src/main.o
                0x00000000080002a4                main
 .text.Reset_Handler
                0x0000000008000384       0x50 Startup/startup_stm32f103c6tx.o
                0x0000000008000384                Reset_Handler
 .text.Default_Handler
                0x00000000080003d4        0x2 Startup/startup_stm32f103c6tx.o
                0x00000000080003d4                EXTI2_IRQHandler
                0x00000000080003d4                TIM8_TRG_COM_IRQHandler
                0x00000000080003d4                TIM8_CC_IRQHandler
                0x00000000080003d4                DebugMon_Handler
                0x00000000080003d4                TIM1_CC_IRQHandler
                0x00000000080003d4                HardFault_Handler
                0x00000000080003d4                TIM6_IRQHandler
                0x00000000080003d4                SysTick_Handler
                0x00000000080003d4                PVD_IRQHandler
                0x00000000080003d4                SDIO_IRQHandler
                0x00000000080003d4                PendSV_Handler
                0x00000000080003d4                NMI_Handler
                0x00000000080003d4                EXTI3_IRQHandler
                0x00000000080003d4                USB_HP_CAN_TX_IRQHandler
                0x00000000080003d4                EXTI0_IRQHandler
                0x00000000080003d4                I2C2_EV_IRQHandler
                0x00000000080003d4                UsageFault_Handler
                0x00000000080003d4                ADC1_2_IRQHandler
                0x00000000080003d4                SPI1_IRQHandler
                0x00000000080003d4                CAN_SCE_IRQHandler
                0x00000000080003d4                TAMPER_IRQHandler
                0x00000000080003d4                TIM8_UP_IRQHandler
                0x00000000080003d4                DMA2_Channel2_IRQHandler
                0x00000000080003d4                DMA1_Channel4_IRQHandler
                0x00000000080003d4                USART3_IRQHandler
                0x00000000080003d4                RTC_IRQHandler
                0x00000000080003d4                DMA1_Channel7_IRQHandler
                0x00000000080003d4                UART5_IRQHandler
                0x00000000080003d4                ADC3_IRQHandler
                0x00000000080003d4                TIM4_IRQHandler
                0x00000000080003d4                CAN_RX1_IRQHandler
                0x00000000080003d4                DMA2_Channel1_IRQHandler
                0x00000000080003d4                I2C1_EV_IRQHandler
                0x00000000080003d4                DMA1_Channel6_IRQHandler
                0x00000000080003d4                UART4_IRQHandler
                0x00000000080003d4                TIM3_IRQHandler
                0x00000000080003d4                RCC_IRQHandler
                0x00000000080003d4                TIM1_TRG_COM_IRQHandler
                0x00000000080003d4                DMA1_Channel1_IRQHandler
                0x00000000080003d4                Default_Handler
                0x00000000080003d4                EXTI15_10_IRQHandler
                0x00000000080003d4                TIM7_IRQHandler
                0x00000000080003d4                TIM5_IRQHandler
                0x00000000080003d4                EXTI9_5_IRQHandler
                0x00000000080003d4                SPI2_IRQHandler
                0x00000000080003d4                USB_LP_CAN_RX0_IRQHandler
                0x00000000080003d4                MemManage_Handler
                0x00000000080003d4                SVC_Handler
                0x00000000080003d4                DMA1_Channel5_IRQHandler
                0x00000000080003d4                EXTI4_IRQHandler
                0x00000000080003d4                DMA1_Channel3_IRQHandler
                0x00000000080003d4                FSMC_IRQHandler
                0x00000000080003d4                TIM1_UP_IRQHandler
                0x00000000080003d4                WWDG_IRQHandler
                0x00000000080003d4                TIM2_IRQHandler
                0x00000000080003d4                TIM1_BRK_IRQHandler
                0x00000000080003d4                EXTI1_IRQHandler
                0x00000000080003d4                RTCAlarm_IRQHandler
                0x00000000080003d4                DMA2_Channel4_5_IRQHandler
                0x00000000080003d4                USART2_IRQHandler
                0x00000000080003d4                I2C2_ER_IRQHandler
                0x00000000080003d4                DMA1_Channel2_IRQHandler
                0x00000000080003d4                TIM8_BRK_IRQHandler
                0x00000000080003d4                FLASH_IRQHandler
                0x00000000080003d4                BusFault_Handler
                0x00000000080003d4                USART1_IRQHandler
                0x00000000080003d4                SPI3_IRQHandler
                0x00000000080003d4                I2C1_ER_IRQHandler
                0x00000000080003d4                DMA2_Channel3_IRQHandler
 *fill*         0x00000000080003d6        0x2 
 .text.Keypad_init
                0x00000000080003d8       0xec Stm32_F103C6_Drivers/KEYPAD_Driver/keypad.o
                0x00000000080003d8                Keypad_init
 .text.Keypad_getkey
                0x00000000080004c4      0x194 Stm32_F103C6_Drivers/KEYPAD_Driver/keypad.o
                0x00000000080004c4                Keypad_getkey
 .text.LCD_INIT
                0x0000000008000658      0x180 Stm32_F103C6_Drivers/LCD_Driver/lcd.o
                0x0000000008000658                LCD_INIT
 .text.LCD_clear_screen
                0x00000000080007d8        0xe Stm32_F103C6_Drivers/LCD_Driver/lcd.o
                0x00000000080007d8                LCD_clear_screen
 *fill*         0x00000000080007e6        0x2 
 .text.LCD_lcd_kick
                0x00000000080007e8       0x2c Stm32_F103C6_Drivers/LCD_Driver/lcd.o
                0x00000000080007e8                LCD_lcd_kick
 .text.LCD_GOTO_XY
                0x0000000008000814       0x48 Stm32_F103C6_Drivers/LCD_Driver/lcd.o
                0x0000000008000814                LCD_GOTO_XY
 .text.LCD_WRITE_COMMAND
                0x000000000800085c       0x44 Stm32_F103C6_Drivers/LCD_Driver/lcd.o
                0x000000000800085c                LCD_WRITE_COMMAND
 .text.LCD_WRITE_CHAR
                0x00000000080008a0       0x44 Stm32_F103C6_Drivers/LCD_Driver/lcd.o
                0x00000000080008a0                LCD_WRITE_CHAR
 .text.LCD_WRITE_STRING
                0x00000000080008e4       0x58 Stm32_F103C6_Drivers/LCD_Driver/lcd.o
                0x00000000080008e4                LCD_WRITE_STRING
 .text.Get_CRLH_Position
                0x000000000800093c       0xb8 Stm32_F103C6_Drivers/Stm32_F103C6_gpio_driver.o
                0x000000000800093c                Get_CRLH_Position
 .text.MCAL_GPIO_Init
                0x00000000080009f4       0xfe Stm32_F103C6_Drivers/Stm32_F103C6_gpio_driver.o
                0x00000000080009f4                MCAL_GPIO_Init
 .text.MCAL_GPIO_ReadPin
                0x0000000008000af2       0x2e Stm32_F103C6_Drivers/Stm32_F103C6_gpio_driver.o
                0x0000000008000af2                MCAL_GPIO_ReadPin
 .text.MCAL_GPIO_WritePin
                0x0000000008000b20       0x2e Stm32_F103C6_Drivers/Stm32_F103C6_gpio_driver.o
                0x0000000008000b20                MCAL_GPIO_WritePin
 .text.MCAL_GPIO_WritePort
                0x0000000008000b4e       0x1c Stm32_F103C6_Drivers/Stm32_F103C6_gpio_driver.o
                0x0000000008000b4e                MCAL_GPIO_WritePort
 *fill*         0x0000000008000b6a        0x2 
 .text.__libc_init_array
                0x0000000008000b6c       0x48 c:/st/stm32cubeide_1.4.0/stm32cubeide/plugins/com.st.stm32cube.ide.mcu.externaltools.gnu-tools-for-stm32.7-2018-q2-update.win32_1.4.0.202007081208/tools/bin/../lib/gcc/arm-none-eabi/7.3.1/../../../../arm-none-eabi/lib/thumb/v7-m\libc_nano.a(lib_a-init.o)
                0x0000000008000b6c                __libc_init_array
 *(.glue_7)
 .glue_7        0x0000000008000bb4        0x0 linker stubs
 *(.glue_7t)
 .glue_7t       0x0000000008000bb4        0x0 linker stubs
 *(.eh_frame)
 .eh_frame      0x0000000008000bb4        0x0 c:/st/stm32cubeide_1.4.0/stm32cubeide/plugins/com.st.stm32cube.ide.mcu.externaltools.gnu-tools-for-stm32.7-2018-q2-update.win32_1.4.0.202007081208/tools/bin/../lib/gcc/arm-none-eabi/7.3.1/thumb/v7-m/crtbegin.o
 *(.init)
 .init          0x0000000008000bb4        0x4 c:/st/stm32cubeide_1.4.0/stm32cubeide/plugins/com.st.stm32cube.ide.mcu.externaltools.gnu-tools-for-stm32.7-2018-q2-update.win32_1.4.0.202007081208/tools/bin/../lib/gcc/arm-none-eabi/7.3.1/thumb/v7-m/crti.o
                0x0000000008000bb4                _init
 .init          0x0000000008000bb8        0x8 c:/st/stm32cubeide_1.4.0/stm32cubeide/plugins/com.st.stm32cube.ide.mcu.externaltools.gnu-tools-for-stm32.7-2018-q2-update.win32_1.4.0.202007081208/tools/bin/../lib/gcc/arm-none-eabi/7.3.1/thumb/v7-m/crtn.o
 *(.fini)
 .fini          0x0000000008000bc0        0x4 c:/st/stm32cubeide_1.4.0/stm32cubeide/plugins/com.st.stm32cube.ide.mcu.externaltools.gnu-tools-for-stm32.7-2018-q2-update.win32_1.4.0.202007081208/tools/bin/../lib/gcc/arm-none-eabi/7.3.1/thumb/v7-m/crti.o
                0x0000000008000bc0                _fini
 .fini          0x0000000008000bc4        0x8 c:/st/stm32cubeide_1.4.0/stm32cubeide/plugins/com.st.stm32cube.ide.mcu.externaltools.gnu-tools-for-stm32.7-2018-q2-update.win32_1.4.0.202007081208/tools/bin/../lib/gcc/arm-none-eabi/7.3.1/thumb/v7-m/crtn.o
                0x0000000008000bcc                . = ALIGN (0x4)
                0x0000000008000bcc                _etext = .

.vfp11_veneer   0x0000000008000bcc        0x0
 .vfp11_veneer  0x0000000008000bcc        0x0 linker stubs

.v4_bx          0x0000000008000bcc        0x0
 .v4_bx         0x0000000008000bcc        0x0 linker stubs

.iplt           0x0000000008000bcc        0x0
 .iplt          0x0000000008000bcc        0x0 c:/st/stm32cubeide_1.4.0/stm32cubeide/plugins/com.st.stm32cube.ide.mcu.externaltools.gnu-tools-for-stm32.7-2018-q2-update.win32_1.4.0.202007081208/tools/bin/../lib/gcc/arm-none-eabi/7.3.1/thumb/v7-m/crtbegin.o

.rodata         0x0000000008000bcc       0x34
                0x0000000008000bcc                . = ALIGN (0x4)
 *(.rodata)
 .rodata        0x0000000008000bcc       0x33 Src/main.o
 *(.rodata*)
                0x0000000008000c00                . = ALIGN (0x4)
 *fill*         0x0000000008000bff        0x1 

.rel.dyn        0x0000000008000c00        0x0
 .rel.iplt      0x0000000008000c00        0x0 c:/st/stm32cubeide_1.4.0/stm32cubeide/plugins/com.st.stm32cube.ide.mcu.externaltools.gnu-tools-for-stm32.7-2018-q2-update.win32_1.4.0.202007081208/tools/bin/../lib/gcc/arm-none-eabi/7.3.1/thumb/v7-m/crtbegin.o

.ARM.extab      0x0000000008000c00        0x0
                0x0000000008000c00                . = ALIGN (0x4)
 *(.ARM.extab* .gnu.linkonce.armextab.*)
                0x0000000008000c00                . = ALIGN (0x4)

.ARM            0x0000000008000c00        0x0
                0x0000000008000c00                . = ALIGN (0x4)
                0x0000000008000c00                __exidx_start = .
 *(.ARM.exidx*)
                0x0000000008000c00                __exidx_end = .
                0x0000000008000c00                . = ALIGN (0x4)

.preinit_array  0x0000000008000c00        0x0
                0x0000000008000c00                . = ALIGN (0x4)
                0x0000000008000c00                PROVIDE (__preinit_array_start = .)
 *(.preinit_array*)
                0x0000000008000c00                PROVIDE (__preinit_array_end = .)
                0x0000000008000c00                . = ALIGN (0x4)

.init_array     0x0000000008000c00        0x4
                0x0000000008000c00                . = ALIGN (0x4)
                0x0000000008000c00                PROVIDE (__init_array_start = .)
 *(SORT_BY_NAME(.init_array.*))
 *(.init_array*)
 .init_array    0x0000000008000c00        0x4 c:/st/stm32cubeide_1.4.0/stm32cubeide/plugins/com.st.stm32cube.ide.mcu.externaltools.gnu-tools-for-stm32.7-2018-q2-update.win32_1.4.0.202007081208/tools/bin/../lib/gcc/arm-none-eabi/7.3.1/thumb/v7-m/crtbegin.o
                0x0000000008000c04                PROVIDE (__init_array_end = .)
                0x0000000008000c04                . = ALIGN (0x4)

.fini_array     0x0000000008000c04        0x4
                0x0000000008000c04                . = ALIGN (0x4)
                [!provide]                        PROVIDE (__fini_array_start = .)
 *(SORT_BY_NAME(.fini_array.*))
 *(.fini_array*)
 .fini_array    0x0000000008000c04        0x4 c:/st/stm32cubeide_1.4.0/stm32cubeide/plugins/com.st.stm32cube.ide.mcu.externaltools.gnu-tools-for-stm32.7-2018-q2-update.win32_1.4.0.202007081208/tools/bin/../lib/gcc/arm-none-eabi/7.3.1/thumb/v7-m/crtbegin.o
                [!provide]                        PROVIDE (__fini_array_end = .)
                0x0000000008000c08                . = ALIGN (0x4)
                0x0000000008000c08                _sidata = LOADADDR (.data)

.data           0x0000000020000000       0x20 load address 0x0000000008000c08
                0x0000000020000000                . = ALIGN (0x4)
                0x0000000020000000                _sdata = .
 *(.data)
 *(.data*)
 .data.Key_padRow
                0x0000000020000000       0x10 Stm32_F103C6_Drivers/KEYPAD_Driver/keypad.o
                0x0000000020000000                Key_padRow
 .data.Key_padCol
                0x0000000020000010       0x10 Stm32_F103C6_Drivers/KEYPAD_Driver/keypad.o
                0x0000000020000010                Key_padCol
                0x0000000020000020                . = ALIGN (0x4)
                0x0000000020000020                _edata = .

.igot.plt       0x0000000020000020        0x0 load address 0x0000000008000c28
 .igot.plt      0x0000000020000020        0x0 c:/st/stm32cubeide_1.4.0/stm32cubeide/plugins/com.st.stm32cube.ide.mcu.externaltools.gnu-tools-for-stm32.7-2018-q2-update.win32_1.4.0.202007081208/tools/bin/../lib/gcc/arm-none-eabi/7.3.1/thumb/v7-m/crtbegin.o
                0x0000000020000020                . = ALIGN (0x4)

.bss            0x0000000020000020       0x20 load address 0x0000000008000c28
                0x0000000020000020                _sbss = .
                0x0000000020000020                __bss_start__ = _sbss
 *(.bss)
 .bss           0x0000000020000020       0x1c c:/st/stm32cubeide_1.4.0/stm32cubeide/plugins/com.st.stm32cube.ide.mcu.externaltools.gnu-tools-for-stm32.7-2018-q2-update.win32_1.4.0.202007081208/tools/bin/../lib/gcc/arm-none-eabi/7.3.1/thumb/v7-m/crtbegin.o
 *(.bss*)
 *(COMMON)
 COMMON         0x000000002000003c        0x4 Src/main.o
                0x000000002000003c                pinCfg
                0x0000000020000040                . = ALIGN (0x4)
                0x0000000020000040                _ebss = .
                0x0000000020000040                __bss_end__ = _ebss

._user_heap_stack
                0x0000000020000040      0x600 load address 0x0000000008000c28
                0x0000000020000040                . = ALIGN (0x8)
                [!provide]                        PROVIDE (end = .)
                0x0000000020000040                PROVIDE (_end = .)
                0x0000000020000240                . = (. + _Min_Heap_Size)
 *fill*         0x0000000020000040      0x200 
                0x0000000020000640                . = (. + _Min_Stack_Size)
 *fill*         0x0000000020000240      0x400 
                0x0000000020000640                . = ALIGN (0x8)

/DISCARD/
 libc.a(*)
 libm.a(*)
 libgcc.a(*)

.ARM.attributes
                0x0000000000000000       0x29
 *(.ARM.attributes)
 .ARM.attributes
                0x0000000000000000       0x1d c:/st/stm32cubeide_1.4.0/stm32cubeide/plugins/com.st.stm32cube.ide.mcu.externaltools.gnu-tools-for-stm32.7-2018-q2-update.win32_1.4.0.202007081208/tools/bin/../lib/gcc/arm-none-eabi/7.3.1/thumb/v7-m/crti.o
 .ARM.attributes
                0x000000000000001d       0x2d c:/st/stm32cubeide_1.4.0/stm32cubeide/plugins/com.st.stm32cube.ide.mcu.externaltools.gnu-tools-for-stm32.7-2018-q2-update.win32_1.4.0.202007081208/tools/bin/../lib/gcc/arm-none-eabi/7.3.1/thumb/v7-m/crtbegin.o
 .ARM.attributes
                0x000000000000004a       0x33 Src/main.o
 .ARM.attributes
                0x000000000000007d       0x21 Startup/startup_stm32f103c6tx.o
 .ARM.attributes
                0x000000000000009e       0x33 Stm32_F103C6_Drivers/KEYPAD_Driver/keypad.o
 .ARM.attributes
                0x00000000000000d1       0x33 Stm32_F103C6_Drivers/LCD_Driver/lcd.o
 .ARM.attributes
                0x0000000000000104       0x33 Stm32_F103C6_Drivers/Stm32_F103C6_gpio_driver.o
 .ARM.attributes
                0x0000000000000137       0x2d c:/st/stm32cubeide_1.4.0/stm32cubeide/plugins/com.st.stm32cube.ide.mcu.externaltools.gnu-tools-for-stm32.7-2018-q2-update.win32_1.4.0.202007081208/tools/bin/../lib/gcc/arm-none-eabi/7.3.1/../../../../arm-none-eabi/lib/thumb/v7-m\libc_nano.a(lib_a-init.o)
 .ARM.attributes
                0x0000000000000164       0x1d c:/st/stm32cubeide_1.4.0/stm32cubeide/plugins/com.st.stm32cube.ide.mcu.externaltools.gnu-tools-for-stm32.7-2018-q2-update.win32_1.4.0.202007081208/tools/bin/../lib/gcc/arm-none-eabi/7.3.1/thumb/v7-m/crtn.o
OUTPUT(Drivers.elf elf32-littlearm)

.debug_info     0x0000000000000000     0x3063
 .debug_info    0x0000000000000000      0xbfe Src/main.o
 .debug_info    0x0000000000000bfe       0x22 Startup/startup_stm32f103c6tx.o
 .debug_info    0x0000000000000c20      0xb0a Stm32_F103C6_Drivers/KEYPAD_Driver/keypad.o
 .debug_info    0x000000000000172a      0xbe3 Stm32_F103C6_Drivers/LCD_Driver/lcd.o
 .debug_info    0x000000000000230d      0xd56 Stm32_F103C6_Drivers/Stm32_F103C6_gpio_driver.o

.debug_abbrev   0x0000000000000000      0x7e0
 .debug_abbrev  0x0000000000000000      0x1fd Src/main.o
 .debug_abbrev  0x00000000000001fd       0x12 Startup/startup_stm32f103c6tx.o
 .debug_abbrev  0x000000000000020f      0x1a6 Stm32_F103C6_Drivers/KEYPAD_Driver/keypad.o
 .debug_abbrev  0x00000000000003b5      0x1f9 Stm32_F103C6_Drivers/LCD_Driver/lcd.o
 .debug_abbrev  0x00000000000005ae      0x232 Stm32_F103C6_Drivers/Stm32_F103C6_gpio_driver.o

.debug_loc      0x0000000000000000      0x6a0
 .debug_loc     0x0000000000000000      0x104 Src/main.o
 .debug_loc     0x0000000000000104       0x7c Stm32_F103C6_Drivers/KEYPAD_Driver/keypad.o
 .debug_loc     0x0000000000000180      0x1f0 Stm32_F103C6_Drivers/LCD_Driver/lcd.o
 .debug_loc     0x0000000000000370      0x330 Stm32_F103C6_Drivers/Stm32_F103C6_gpio_driver.o

.debug_aranges  0x0000000000000000      0x140
 .debug_aranges
                0x0000000000000000       0x38 Src/main.o
 .debug_aranges
                0x0000000000000038       0x28 Startup/startup_stm32f103c6tx.o
 .debug_aranges
                0x0000000000000060       0x28 Stm32_F103C6_Drivers/KEYPAD_Driver/keypad.o
 .debug_aranges
                0x0000000000000088       0x58 Stm32_F103C6_Drivers/LCD_Driver/lcd.o
 .debug_aranges
                0x00000000000000e0       0x60 Stm32_F103C6_Drivers/Stm32_F103C6_gpio_driver.o

.debug_ranges   0x0000000000000000       0xf8
 .debug_ranges  0x0000000000000000       0x28 Src/main.o
 .debug_ranges  0x0000000000000028       0x20 Startup/startup_stm32f103c6tx.o
 .debug_ranges  0x0000000000000048       0x18 Stm32_F103C6_Drivers/KEYPAD_Driver/keypad.o
 .debug_ranges  0x0000000000000060       0x48 Stm32_F103C6_Drivers/LCD_Driver/lcd.o
 .debug_ranges  0x00000000000000a8       0x50 Stm32_F103C6_Drivers/Stm32_F103C6_gpio_driver.o

.debug_macro    0x0000000000000000     0x2494
 .debug_macro   0x0000000000000000      0x25c Src/main.o
 .debug_macro   0x000000000000025c      0xa60 Src/main.o
 .debug_macro   0x0000000000000cbc       0x18 Src/main.o
 .debug_macro   0x0000000000000cd4       0x22 Src/main.o
 .debug_macro   0x0000000000000cf6       0x40 Src/main.o
 .debug_macro   0x0000000000000d36       0x94 Src/main.o
 .debug_macro   0x0000000000000dca       0x3c Src/main.o
 .debug_macro   0x0000000000000e06       0x34 Src/main.o
 .debug_macro   0x0000000000000e3a       0x16 Src/main.o
 .debug_macro   0x0000000000000e50      0x10e Src/main.o
 .debug_macro   0x0000000000000f5e       0x8d Src/main.o
 .debug_macro   0x0000000000000feb       0x57 Src/main.o
 .debug_macro   0x0000000000001042       0x52 Src/main.o
 .debug_macro   0x0000000000001094       0x1f Src/main.o
 .debug_macro   0x00000000000010b3       0x43 Src/main.o
 .debug_macro   0x00000000000010f6       0x20 Src/main.o
 .debug_macro   0x0000000000001116      0x1a3 Src/main.o
 .debug_macro   0x00000000000012b9      0x330 Src/main.o
 .debug_macro   0x00000000000015e9       0x16 Src/main.o
 .debug_macro   0x00000000000015ff       0x29 Src/main.o
 .debug_macro   0x0000000000001628       0xef Src/main.o
 .debug_macro   0x0000000000001717       0x6a Src/main.o
 .debug_macro   0x0000000000001781      0x1df Src/main.o
 .debug_macro   0x0000000000001960       0xb4 Src/main.o
 .debug_macro   0x0000000000001a14       0xd0 Src/main.o
 .debug_macro   0x0000000000001ae4       0x1c Src/main.o
 .debug_macro   0x0000000000001b00       0x35 Src/main.o
 .debug_macro   0x0000000000001b35       0x10 Src/main.o
 .debug_macro   0x0000000000001b45       0x10 Src/main.o
 .debug_macro   0x0000000000001b55       0x1c Src/main.o
 .debug_macro   0x0000000000001b71       0x52 Src/main.o
 .debug_macro   0x0000000000001bc3       0x40 Src/main.o
 .debug_macro   0x0000000000001c03       0x10 Src/main.o
 .debug_macro   0x0000000000001c13       0x40 Src/main.o
 .debug_macro   0x0000000000001c53       0xd7 Src/main.o
 .debug_macro   0x0000000000001d2a       0x1c Src/main.o
 .debug_macro   0x0000000000001d46       0x3d Src/main.o
 .debug_macro   0x0000000000001d83       0x16 Src/main.o
 .debug_macro   0x0000000000001d99      0x145 Src/main.o
 .debug_macro   0x0000000000001ede       0x94 Src/main.o
 .debug_macro   0x0000000000001f72       0x40 Src/main.o
 .debug_macro   0x0000000000001fb2      0x152 Stm32_F103C6_Drivers/KEYPAD_Driver/keypad.o
 .debug_macro   0x0000000000002104       0x3a Stm32_F103C6_Drivers/KEYPAD_Driver/keypad.o
 .debug_macro   0x000000000000213e      0x217 Stm32_F103C6_Drivers/LCD_Driver/lcd.o
 .debug_macro   0x0000000000002355      0x13f Stm32_F103C6_Drivers/Stm32_F103C6_gpio_driver.o

.debug_line     0x0000000000000000     0x1b87
 .debug_line    0x0000000000000000      0x72d Src/main.o
 .debug_line    0x000000000000072d       0x84 Startup/startup_stm32f103c6tx.o
 .debug_line    0x00000000000007b1      0x653 Stm32_F103C6_Drivers/KEYPAD_Driver/keypad.o
 .debug_line    0x0000000000000e04      0x708 Stm32_F103C6_Drivers/LCD_Driver/lcd.o
 .debug_line    0x000000000000150c      0x67b Stm32_F103C6_Drivers/Stm32_F103C6_gpio_driver.o

.debug_str      0x0000000000000000     0x8cd4
 .debug_str     0x0000000000000000     0x8a5e Src/main.o
                                       0x8cbf (size before relaxing)
 .debug_str     0x0000000000008a5e       0x31 Startup/startup_stm32f103c6tx.o
                                         0x5b (size before relaxing)
 .debug_str     0x0000000000008a8f       0x5f Stm32_F103C6_Drivers/KEYPAD_Driver/keypad.o
                                       0x7817 (size before relaxing)
 .debug_str     0x0000000000008aee       0xca Stm32_F103C6_Drivers/LCD_Driver/lcd.o
                                       0x8c1f (size before relaxing)
 .debug_str     0x0000000000008bb8      0x11c Stm32_F103C6_Drivers/Stm32_F103C6_gpio_driver.o
                                       0x7889 (size before relaxing)

.comment        0x0000000000000000       0x7b
 .comment       0x0000000000000000       0x7b Src/main.o
                                         0x7c (size before relaxing)
 .comment       0x000000000000007b       0x7c Stm32_F103C6_Drivers/KEYPAD_Driver/keypad.o
 .comment       0x000000000000007b       0x7c Stm32_F103C6_Drivers/LCD_Driver/lcd.o
 .comment       0x000000000000007b       0x7c Stm32_F103C6_Drivers/Stm32_F103C6_gpio_driver.o

.debug_frame    0x0000000000000000      0x398
 .debug_frame   0x0000000000000000       0x94 Src/main.o
 .debug_frame   0x0000000000000094       0x50 Stm32_F103C6_Drivers/KEYPAD_Driver/keypad.o
 .debug_frame   0x00000000000000e4      0x110 Stm32_F103C6_Drivers/LCD_Driver/lcd.o
 .debug_frame   0x00000000000001f4      0x178 Stm32_F103C6_Drivers/Stm32_F103C6_gpio_driver.o
 .debug_frame   0x000000000000036c       0x2c c:/st/stm32cubeide_1.4.0/stm32cubeide/plugins/com.st.stm32cube.ide.mcu.externaltools.gnu-tools-for-stm32.7-2018-q2-update.win32_1.4.0.202007081208/tools/bin/../lib/gcc/arm-none-eabi/7.3.1/../../../../arm-none-eabi/lib/thumb/v7-m\libc_nano.a(lib_a-init.o)
