
Memory Configuration

Name             Origin             Length             Attributes
flash            0x00000000         0x20000000         xr
sram             0x20000000         0x20000000         xrw
*default*        0x00000000         0xffffffff

Linker script and memory map


.text           0x00000000       0xc8
 *(.vectors*)
 *(.text*)
 .text          0x00000000       0xc8 main.o
                0x00000000                main
 .text          0x000000c8        0x0 startup.o
 .text          0x000000c8        0x0 startup.o
 *(.rodata)
                0x000000c8                _E_text = .

.glue_7         0x000000c8        0x0
 .glue_7        0x00000000        0x0 linker stubs

.glue_7t        0x000000c8        0x0
 .glue_7t       0x00000000        0x0 linker stubs

.vfp11_veneer   0x000000c8        0x0
 .vfp11_veneer  0x00000000        0x0 linker stubs

.v4_bx          0x000000c8        0x0
 .v4_bx         0x00000000        0x0 linker stubs

.iplt           0x000000c8        0x0
 .iplt          0x00000000        0x0 main.o

.rel.dyn        0x000000c8        0x0
 .rel.iplt      0x00000000        0x0 main.o

.data           0x20000000        0x0 load address 0x000000c8
                0x20000000                _S_data = .
 *(.data)
 .data          0x20000000        0x0 main.o
 .data          0x20000000        0x0 startup.o
 .data          0x20000000        0x0 startup.o
                0x20000000                . = ALIGN (0x4)
                0x20000000                _E_data = .

.igot.plt       0x20000000        0x0 load address 0x000000c8
 .igot.plt      0x00000000        0x0 main.o

.bss            0x20000000        0x0 load address 0x000000c8
                0x20000000                _S_bss = .
 *(.bss*)
 .bss           0x20000000        0x0 main.o
 .bss           0x20000000        0x0 startup.o
 .bss           0x20000000        0x0 startup.o
                0x20000000                _E_bss = .
LOAD main.o
LOAD startup.o
LOAD startup.o
OUTPUT(learn_in_depth_cortex_M4.elf elf32-littlearm)

.debug_info     0x00000000       0x66
 .debug_info    0x00000000       0x66 main.o

.debug_abbrev   0x00000000       0x5c
 .debug_abbrev  0x00000000       0x5c main.o

.debug_loc      0x00000000       0x38
 .debug_loc     0x00000000       0x38 main.o

.debug_aranges  0x00000000       0x20
 .debug_aranges
                0x00000000       0x20 main.o

.debug_line     0x00000000       0x61
 .debug_line    0x00000000       0x61 main.o

.debug_str      0x00000000       0x69
 .debug_str     0x00000000       0x69 main.o

.comment        0x00000000       0x11
 .comment       0x00000000       0x11 main.o
                                 0x12 (size before relaxing)

.ARM.attributes
                0x00000000       0x31
 .ARM.attributes
                0x00000000       0x33 main.o
 .ARM.attributes
                0x00000033       0x21 startup.o
 .ARM.attributes
                0x00000054       0x21 startup.o

.debug_frame    0x00000000       0x2c
 .debug_frame   0x00000000       0x2c main.o
